Component: ARM Compiler 6.16 Tool: armlink [5dfeaa00]

==============================================================================

Section Cross References

    app_subghz_phy.o(.text.MX_SubGHz_Phy_Init) refers to sys_app.o(.text.SystemApp_Init) for SystemApp_Init
    app_subghz_phy.o(.text.MX_SubGHz_Phy_Init) refers to subghz_phy_app.o(.text.SubghzApp_Init) for SubghzApp_Init
    app_subghz_phy.o(.ARM.exidx.text.MX_SubGHz_Phy_Init) refers to app_subghz_phy.o(.text.MX_SubGHz_Phy_Init) for [Anonymous Symbol]
    app_subghz_phy.o(.text.MX_SubGHz_Phy_Process) refers to stm32_seq.o(.text.UTIL_SEQ_Run) for UTIL_SEQ_Run
    app_subghz_phy.o(.ARM.exidx.text.MX_SubGHz_Phy_Process) refers to app_subghz_phy.o(.text.MX_SubGHz_Phy_Process) for [Anonymous Symbol]
    subghz_phy_app.o(.text.SubghzApp_Init) refers to smartfram_flashsys.o(.text.smartfram_FlashEraseInit) for smartfram_FlashEraseInit
    subghz_phy_app.o(.text.SubghzApp_Init) refers to smartfram_command.o(.text.CMD_Init) for CMD_Init
    subghz_phy_app.o(.text.SubghzApp_Init) refers to stm32_timer.o(.text.UTIL_TIMER_Create) for UTIL_TIMER_Create
    subghz_phy_app.o(.text.SubghzApp_Init) refers to stm32_timer.o(.text.UTIL_TIMER_SetPeriod) for UTIL_TIMER_SetPeriod
    subghz_phy_app.o(.text.SubghzApp_Init) refers to stm32_timer.o(.text.UTIL_TIMER_Start) for UTIL_TIMER_Start
    subghz_phy_app.o(.text.SubghzApp_Init) refers to smartfram_sysinit.o(.text.MX_IWDG_Init) for MX_IWDG_Init
    subghz_phy_app.o(.text.SubghzApp_Init) refers to stm32_adv_trace.o(.text.UTIL_ADV_TRACE_COND_FSend) for UTIL_ADV_TRACE_COND_FSend
    subghz_phy_app.o(.text.SubghzApp_Init) refers to smartfram_command.o(.bss..L_MergedGlobals) for FlagCommandSYS
    subghz_phy_app.o(.text.SubghzApp_Init) refers to smartfram_sysinit.o(.bss.Sys_VarAndStt) for Sys_VarAndStt
    subghz_phy_app.o(.text.SubghzApp_Init) refers to smartfram_flashsys.o(.bss.FlagSys_CheckModeRun) for FlagSys_CheckModeRun
    subghz_phy_app.o(.text.SubghzApp_Init) refers to subghz_phy_app.o(.text.CmdProcessNotify) for CmdProcessNotify
    subghz_phy_app.o(.text.SubghzApp_Init) refers to subghz_phy_app.o(.bss..L_MergedGlobals) for [Anonymous Symbol]
    subghz_phy_app.o(.text.SubghzApp_Init) refers to subghz_phy_app.o(.text.TimeObjectFS_CountOut) for TimeObjectFS_CountOut
    subghz_phy_app.o(.text.SubghzApp_Init) refers to subghz_phy_app.o(.text.OnTxDone) for OnTxDone
    subghz_phy_app.o(.text.SubghzApp_Init) refers to subghz_phy_app.o(.text.OnRxDone) for OnRxDone
    subghz_phy_app.o(.text.SubghzApp_Init) refers to subghz_phy_app.o(.text.OnRxError) for OnRxError
    subghz_phy_app.o(.text.SubghzApp_Init) refers to subghz_phy_app.o(.text.OnRxTimeout) for OnRxTimeout
    subghz_phy_app.o(.text.SubghzApp_Init) refers to subghz_phy_app.o(.text.OnTxTimeout) for OnTxTimeout
    subghz_phy_app.o(.text.SubghzApp_Init) refers to radio.o(.rodata.Radio) for Radio
    subghz_phy_app.o(.text.SubghzApp_Init) refers to smartfram_command.o(.text.CMD_Process) for CMD_Process
    subghz_phy_app.o(.text.SubghzApp_Init) refers to stm32_seq.o(.text.UTIL_SEQ_RegTask) for UTIL_SEQ_RegTask
    subghz_phy_app.o(.text.SubghzApp_Init) refers to subghz_phy_app.o(.text.JoinNetworkTask_Process) for JoinNetworkTask_Process
    subghz_phy_app.o(.text.SubghzApp_Init) refers to subghz_phy_app.o(.text.MessageReceive_Process) for MessageReceive_Process
    subghz_phy_app.o(.text.SubghzApp_Init) refers to subghz_phy_app.o(.text.MessageTransmission_Process) for MessageTransmission_Process
    subghz_phy_app.o(.ARM.exidx.text.SubghzApp_Init) refers to subghz_phy_app.o(.text.SubghzApp_Init) for [Anonymous Symbol]
    subghz_phy_app.o(.text.CmdProcessNotify) refers to stm32_seq.o(.text.UTIL_SEQ_SetTask) for UTIL_SEQ_SetTask
    subghz_phy_app.o(.ARM.exidx.text.CmdProcessNotify) refers to subghz_phy_app.o(.text.CmdProcessNotify) for [Anonymous Symbol]
    subghz_phy_app.o(.text.TimeObjectFS_CountOut) refers to stm32_seq.o(.text.UTIL_SEQ_SetTask) for UTIL_SEQ_SetTask
    subghz_phy_app.o(.text.TimeObjectFS_CountOut) refers to stm32_timer.o(.text.UTIL_TIMER_Start) for UTIL_TIMER_Start
    subghz_phy_app.o(.text.TimeObjectFS_CountOut) refers to smartfram_command.o(.bss..L_MergedGlobals) for FlagCommandSYS
    subghz_phy_app.o(.text.TimeObjectFS_CountOut) refers to subghz_phy_app.o(.bss..L_MergedGlobals) for [Anonymous Symbol]
    subghz_phy_app.o(.ARM.exidx.text.TimeObjectFS_CountOut) refers to subghz_phy_app.o(.text.TimeObjectFS_CountOut) for [Anonymous Symbol]
    subghz_phy_app.o(.text.OnTxDone) refers to stm32_seq.o(.text.UTIL_SEQ_SetTask) for UTIL_SEQ_SetTask
    subghz_phy_app.o(.text.OnTxDone) refers to radio.o(.rodata.Radio) for Radio
    subghz_phy_app.o(.ARM.exidx.text.OnTxDone) refers to subghz_phy_app.o(.text.OnTxDone) for [Anonymous Symbol]
    subghz_phy_app.o(.text.OnRxDone) refers to memcpya.o(.text) for __aeabi_memcpy
    subghz_phy_app.o(.text.OnRxDone) refers to stm32_seq.o(.text.UTIL_SEQ_SetTask) for UTIL_SEQ_SetTask
[...]
    TIMER_IF_Init                            0x08006b25   Thumb Code    60  timer_if.o(.text.TIMER_IF_Init)
    TIMER_IF_SetTimerContext                 0x08006b61   Thumb Code    12  timer_if.o(.text.TIMER_IF_SetTimerContext)
    TIMER_IF_StartTimer                      0x08006b71   Thumb Code    72  timer_if.o(.text.TIMER_IF_StartTimer)
    TIMER_IF_StopTimer                       0x08006bbd   Thumb Code    24  timer_if.o(.text.TIMER_IF_StopTimer)
    TimerExists                              0x08006de5   Thumb Code    24  stm32_timer.o(.text.TimerExists)
    TimerInsertNewHeadTimer                  0x08006dfd   Thumb Code    20  stm32_timer.o(.text.TimerInsertNewHeadTimer)
    TimerInsertTimer                         0x08006e11   Thumb Code    32  stm32_timer.o(.text.TimerInsertTimer)
    TimerSetTimeout                          0x08006e35   Thumb Code    56  stm32_timer.o(.text.TimerSetTimeout)
    UART_AdvFeatureConfig                    0x08006ed5   Thumb Code   168  stm32wlxx_hal_uart.o(.text.UART_AdvFeatureConfig)
    UART_CheckIdleState                      0x08006f7d   Thumb Code    76  stm32wlxx_hal_uart.o(.text.UART_CheckIdleState)
    UART_SetConfig                           0x080072d5   Thumb Code   424  stm32wlxx_hal_uart.o(.text.UART_SetConfig)
    UART_Start_Receive_IT                    0x080074b5   Thumb Code   184  stm32wlxx_hal_uart.o(.text.UART_Start_Receive_IT)
    UART_WaitOnFlagUntilTimeout              0x0800757d   Thumb Code   126  stm32wlxx_hal_uart.o(.text.UART_WaitOnFlagUntilTimeout)
    UTIL_ADV_TRACE_COND_FSend                0x080075fd   Thumb Code   160  stm32_adv_trace.o(.text.UTIL_ADV_TRACE_COND_FSend)
    UTIL_ADV_TRACE_Init                      0x080076a1   Thumb Code    36  stm32_adv_trace.o(.text.UTIL_ADV_TRACE_Init)
    UTIL_ADV_TRACE_PostSendHook              0x080076cd   Thumb Code     8  sys_app.o(.text.UTIL_ADV_TRACE_PostSendHook)
    UTIL_ADV_TRACE_PreSendHook               0x080076d5   Thumb Code     8  sys_app.o(.text.UTIL_ADV_TRACE_PreSendHook)
    UTIL_ADV_TRACE_RegisterTimeStampFunction 0x080076dd   Thumb Code     8  stm32_adv_trace.o(.text.UTIL_ADV_TRACE_RegisterTimeStampFunction)
    UTIL_ADV_TRACE_SetVerboseLevel           0x080076e5   Thumb Code     8  stm32_adv_trace.o(.text.UTIL_ADV_TRACE_SetVerboseLevel)
    UTIL_ADV_TRACE_StartRxProcess            0x080076f1   Thumb Code     8  stm32_adv_trace.o(.text.UTIL_ADV_TRACE_StartRxProcess)
    UTIL_LPM_EnterLowPower                   0x080076fd   Thumb Code    52  stm32_lpm.o(.text.UTIL_LPM_EnterLowPower)
    UTIL_LPM_Init                            0x08007735   Thumb Code    12  stm32_lpm.o(.text.UTIL_LPM_Init)
    UTIL_LPM_SetOffMode                      0x08007741   Thumb Code    44  stm32_lpm.o(.text.UTIL_LPM_SetOffMode)
    UTIL_LPM_SetStopMode                     0x0800776d   Thumb Code    44  stm32_lpm.o(.text.UTIL_LPM_SetStopMode)
    UTIL_MEM_set_8                           0x0800779d   Thumb Code    14  stm32_mem.o(.text.UTIL_MEM_set_8)
    UTIL_SEQ_Idle                            0x080077ab   Thumb Code     4  sys_app.o(.text.UTIL_SEQ_Idle)
    UTIL_SEQ_PostIdle                        0x080077af   Thumb Code     2  stm32_seq.o(.text.UTIL_SEQ_PostIdle)
    UTIL_SEQ_PreIdle                         0x080077b1   Thumb Code     2  stm32_seq.o(.text.UTIL_SEQ_PreIdle)
    UTIL_SEQ_RegTask                         0x080077b5   Thumb Code    32  stm32_seq.o(.text.UTIL_SEQ_RegTask)
    UTIL_SEQ_Run                             0x080077d5   Thumb Code   224  stm32_seq.o(.text.UTIL_SEQ_Run)
    UTIL_SEQ_SetTask                         0x080078bd   Thumb Code    36  stm32_seq.o(.text.UTIL_SEQ_SetTask)
    UTIL_TIMER_Create                        0x080078e5   Thumb Code    52  stm32_timer.o(.text.UTIL_TIMER_Create)
    UTIL_TIMER_GetCurrentTime                0x08007919   Thumb Code    20  stm32_timer.o(.text.UTIL_TIMER_GetCurrentTime)
    UTIL_TIMER_GetElapsedTime                0x0800792d   Thumb Code    32  stm32_timer.o(.text.UTIL_TIMER_GetElapsedTime)
    UTIL_TIMER_IRQ_Handler                   0x0800794d   Thumb Code   128  stm32_timer.o(.text.UTIL_TIMER_IRQ_Handler)
    UTIL_TIMER_Init                          0x080079cd   Thumb Code    12  stm32_timer.o(.text.UTIL_TIMER_Init)
    UTIL_TIMER_SetPeriod                     0x080079d9   Thumb Code    48  stm32_timer.o(.text.UTIL_TIMER_SetPeriod)
    UTIL_TIMER_Start                         0x08007a09   Thumb Code   108  stm32_timer.o(.text.UTIL_TIMER_Start)
    UTIL_TIMER_Stop                          0x08007a75   Thumb Code    96  stm32_timer.o(.text.UTIL_TIMER_Stop)
    UsageFault_Handler                       0x08007add   Thumb Code     2  stm32wlxx_it.o(.text.UsageFault_Handler)
    main                                     0x08007b05   Thumb Code    30  main.o(.text.main)
    smartfram_FindUnicast                    0x08007b25   Thumb Code    28  smartfram_flashsys.o(.text.smartfram_FindUnicast)
    smartfram_FlashEraseInit                 0x08007b41   Thumb Code    72  smartfram_flashsys.o(.text.smartfram_FlashEraseInit)
    smartfram_FlashRemoveInforDevice         0x08007b8d   Thumb Code    36  smartfram_flashsys.o(.text.smartfram_FlashRemoveInforDevice)
    smartfram_SaveJointInfoConfirm           0x08007bb1   Thumb Code    64  smartfram_flashsys.o(.text.smartfram_SaveJointInfoConfirm)
    smartfram_SaveJointInfoJoinDone          0x08007bf1   Thumb Code     4  smartfram_flashsys.o(.text.smartfram_SaveJointInfoJoinDone)
    smartfram_SaveJointInfoRequetst          0x08007bf5   Thumb Code    76  smartfram_flashsys.o(.text.smartfram_SaveJointInfoRequetst)
    smartfram_SetKeyDevice                   0x08007c49   Thumb Code     4  smartfram_flashsys.o(.text.smartfram_SetKeyDevice)
    tiny_vsnprintf_like                      0x08007c75   Thumb Code   612  stm32_tiny_vsnprintf.o(.text.tiny_vsnprintf_like)
    vcom_DeInit                              0x08007f2d   Thumb Code    36  usart_if.o(.text.vcom_DeInit)
    vcom_Init                                0x08007f55   Thumb Code    28  usart_if.o(.text.vcom_Init)
    vcom_ReceiveInit                         0x08007f79   Thumb Code    64  usart_if.o(.text.vcom_ReceiveInit)
    vcom_Resume                              0x08007fbd   Thumb Code    20  usart_if.o(.text.vcom_Resume)
    vcom_Trace                               0x08007fd5   Thumb Code    16  usart_if.o(.text.vcom_Trace)
    vcom_Trace_DMA                           0x08007fe5   Thumb Code    16  usart_if.o(.text.vcom_Trace_DMA)
    __scatterload_copy                       0x08007ff9   Thumb Code    14  handlers.o(i.__scatterload_copy)
    __scatterload_null                       0x08008007   Thumb Code     2  handlers.o(i.__scatterload_null)
    __scatterload_zeroinit                   0x08008009   Thumb Code    14  handlers.o(i.__scatterload_zeroinit)
    AHBPrescTable                            0x08008070   Data          64  system_stm32wlxx.o(.rodata.AHBPrescTable)
    APBPrescTable                            0x080080b0   Data          32  system_stm32wlxx.o(.rodata.APBPrescTable)
    Bandwidths                               0x080080d0   Data          12  radio.o(.rodata.Bandwidths)
    FskBandwidths                            0x080080dc   Data         176  radio.o(.rodata.FskBandwidths)
    MSIRangeTable                            0x0800818c   Data          64  system_stm32wlxx.o(.rodata.MSIRangeTable)
    Radio                                    0x080081cc   Data         124  radio.o(.rodata.Radio)
    UARTPrescTable                           0x08008248   Data          24  stm32wlxx_hal_uart.o(.rodata.UARTPrescTable)
    UTIL_PowerDriver                         0x08008260   Data          24  stm32_lpm_if.o(.rodata.UTIL_PowerDriver)
    UTIL_SYSTIMDriver                        0x08008278   Data          20  timer_if.o(.rodata.UTIL_SYSTIMDriver)
    UTIL_TimerDriver                         0x0800828c   Data          44  timer_if.o(.rodata.UTIL_TimerDriver)
    UTIL_TraceDriver                         0x080082b8   Data          16  usart_if.o(.rodata.UTIL_TraceDriver)
    Region$$Table$$Base                      0x08008340   Number         0  anon$$obj.o(Region$$Table)
    Region$$Table$$Limit                     0x08008360   Number         0  anon$$obj.o(Region$$Table)
    uwTickPrio                               0x20000004   Data           4  stm32wlxx_hal.o(.data..L_MergedGlobals)
    uwTickFreq                               0x20000008   Data           4  stm32wlxx_hal.o(.data..L_MergedGlobals)
    BufferSize                               0x20000014   Data           2  subghz_phy_app.o(.data.BufferSize)
    SystemCoreClock                          0x20000018   Data           4  system_stm32wlxx.o(.data.SystemCoreClock)
    RssiValue                                0x20000020   Data           1  subghz_phy_app.o(.bss..L_MergedGlobals)
    SnrValue                                 0x20000021   Data           1  subghz_phy_app.o(.bss..L_MergedGlobals)
    charRx                                   0x20000064   Data           1  usart_if.o(.bss..L_MergedGlobals)
    TxTimeoutTimer                           0x20000070   Data          28  radio.o(.bss..L_MergedGlobals)
    RxTimeoutTimer                           0x2000008c   Data          28  radio.o(.bss..L_MergedGlobals)
    FrequencyError                           0x200000ac   Data           4  radio_driver.o(.bss..L_MergedGlobals)
    Sys_Page                                 0x200000c8   Data           1  smartfram_flashsys.o(.bss..L_MergedGlobals)
    Flag_CheckMAC                            0x200000c9   Data           1  smartfram_flashsys.o(.bss..L_MergedGlobals)
    Sys_Unicast                              0x200000cc   Data           4  smartfram_flashsys.o(.bss..L_MergedGlobals)
    FirstPage                                0x200000d0   Data           4  smartfram_flashsys.o(.bss..L_MergedGlobals)
    NbOfPages                                0x200000d4   Data           4  smartfram_flashsys.o(.bss..L_MergedGlobals)
    Address                                  0x200000d8   Data           4  smartfram_flashsys.o(.bss..L_MergedGlobals)
    PageError                                0x200000dc   Data           4  smartfram_flashsys.o(.bss..L_MergedGlobals)
    RX_FLAG_END_LINE                         0x200000ec   Data           1  smartfram_command.o(.bss..L_MergedGlobals)
    temp_char                                0x200000ed   Data           1  smartfram_command.o(.bss..L_MergedGlobals)
    RXI                                      0x200000f0   Data           4  smartfram_command.o(.bss..L_MergedGlobals)
    sizeddd                                  0x200000f4   Data           4  smartfram_command.o(.bss..L_MergedGlobals)
    FlagCommandSYS                           0x200000fc   Data          16  smartfram_command.o(.bss..L_MergedGlobals)
    Buffer                                   0x20000348   Data         100  subghz_phy_app.o(.bss.Buffer)
    FlagSys_CheckModeRun                     0x200003ac   Data           1  smartfram_flashsys.o(.bss.FlagSys_CheckModeRun)
    RRX                                      0x200003ad   Data         500  smartfram_command.o(.bss.RRX)
    SendMsgGetwayToDevice                    0x200006a0   Data          16  smartfram_messeger.o(.bss.SendMsgGetwayToDevice)
    SubgRf                                   0x200006b0   Data         152  radio.o(.bss.SubgRf)
    Sys_ArrIDMsg                             0x20000748   Data         256  smartfram_messeger.o(.bss.Sys_ArrIDMsg)
    Sys_CountTime                            0x20000848   Data           4  smartfram_sysinit.o(.bss.Sys_CountTime)
    Sys_GetwayFlashArrData                   0x2000084c   Data        4096  smartfram_flashsys.o(.bss.Sys_GetwayFlashArrData)
    Sys_VarAndStt                            0x2000184c   Data           8  smartfram_sysinit.o(.bss.Sys_VarAndStt)
    hcryp                                    0x200018dc   Data         272  smartfram_encryptionaes.o(.bss.hcryp)
    hdma_aes_in                              0x200019ec   Data         100  smartfram_encryptionaes.o(.bss.hdma_aes_in)
    hdma_aes_out                             0x20001a50   Data         100  smartfram_encryptionaes.o(.bss.hdma_aes_out)
    hdma_lpuart1_tx                          0x20001ab4   Data         100  usart.o(.bss.hdma_lpuart1_tx)
    hlpuart1                                 0x20001b18   Data         144  usart.o(.bss.hlpuart1)
    hrng                                     0x20001ba8   Data          24  smartfram_encryptionaes.o(.bss.hrng)
    hrtc                                     0x20001bc0   Data          60  rtc.o(.bss.hrtc)
    hsubghz                                  0x20001bfc   Data          20  subghz.o(.bss.hsubghz)
    pDeviceKeyAES                            0x20001c10   Data          16  smartfram_encryptionaes.o(.bss.pDeviceKeyAES)
    pFlash                                   0x20001c20   Data          24  stm32wlxx_hal_flash.o(.bss.pFlash)
    pLocalGetwayKeyAES                       0x20001c38   Data          16  smartfram_encryptionaes.o(.bss.pLocalGetwayKeyAES)
    testChecksum                             0x20001d48   Data          16  smartfram_command.o(.bss.testChecksum)
    uwTick                                   0x20001d58   Data           4  stm32wlxx_hal.o(.bss.uwTick)
    __initial_sp                             0x20002560   Data           0  startup_stm32wl55xx_cm4.o(STACK)



==============================================================================

Memory Map of the image

  Image Entry point : 0x08000139

  Load Region LR_IROM1 (Base: 0x08000000, Size: 0x00008380, Max: 0x00040000, ABSOLUTE)

    Execution Region ER_IROM1 (Exec base: 0x08000000, Load base: 0x08000000, Size: 0x00008360, Max: 0x00040000, ABSOLUTE)

    Exec Addr    Load Addr    Size         Type   Attr      Idx    E Section Name        Object

    0x08000000   0x08000000   0x00000138   Data   RO          367    RESET               startup_stm32wl55xx_cm4.o
    0x08000138   0x08000138   0x00000000   Code   RO         2614  * .ARM.Collect$$$$00000000  mc_w.l(entry.o)
    0x08000138   0x08000138   0x00000004   Code   RO         2642    .ARM.Collect$$$$00000001  mc_w.l(entry2.o)
    0x0800013c   0x0800013c   0x00000004   Code   RO         2645    .ARM.Collect$$$$00000004  mc_w.l(entry5.o)
    0x08000140   0x08000140   0x00000000   Code   RO         2647    .ARM.Collect$$$$00000008  mc_w.l(entry7b.o)
    0x08000140   0x08000140   0x00000000   Code   RO         2649    .ARM.Collect$$$$0000000A  mc_w.l(entry8b.o)
    0x08000140   0x08000140   0x00000008   Code   RO         2650    .ARM.Collect$$$$0000000B  mc_w.l(entry9a.o)
    0x08000148   0x08000148   0x00000000   Code   RO         2652    .ARM.Collect$$$$0000000D  mc_w.l(entry10a.o)
    0x08000148   0x08000148   0x00000000   Code   RO         2654    .ARM.Collect$$$$0000000F  mc_w.l(entry11a.o)
    0x08000148   0x08000148   0x00000004   Code   RO         2643    .ARM.Collect$$$$00002712  mc_w.l(entry2.o)
    0x0800014c   0x0800014c   0x00000024   Code   RO          368    .text               startup_stm32wl55xx_cm4.o
    0x08000170   0x08000170   0x00000062   Code   RO         2617    .text               mc_w.l(uldiv.o)
    0x080001d2   0x080001d2   0x00000002   PAD
    0x080001d4   0x080001d4   0x00000024   Code   RO         2619    .text               mc_w.l(rand.o)
    0x080001f8   0x080001f8   0x00000024   Code   RO         2622    .text               mc_w.l(memcpya.o)
    0x0800021c   0x0800021c   0x00000024   Code   RO         2624    .text               mc_w.l(memseta.o)
    0x08000240   0x08000240   0x0000000e   Code   RO         2626    .text               mc_w.l(strlen.o)
    0x0800024e   0x0800024e   0x00000064   Code   RO         2630    .text               mf_w.l(fmul.o)
    0x080002b2   0x080002b2   0x0000007c   Code   RO         2632    .text               mf_w.l(fdiv.o)
    0x0800032e   0x0800032e   0x0000001c   Code   RO         2634    .text               mf_w.l(fcmple.o)
    0x0800034a   0x0800034a   0x0000001c   Code   RO         2636    .text               mf_w.l(fcmpgt.o)
    0x08000366   0x08000366   0x0000000a   Code   RO         2638    .text               mf_w.l(ffltui.o)
    0x08000370   0x08000370   0x00000028   Code   RO         2640    .text               mf_w.l(ffixui.o)
    0x08000398   0x08000398   0x0000001e   Code   RO         2656    .text               mc_w.l(llshl.o)
    0x080003b6   0x080003b6   0x00000020   Code   RO         2658    .text               mc_w.l(llushr.o)
    0x080003d6   0x080003d6   0x00000000   Code   RO         2660    .text               mc_w.l(iusefp.o)
    0x080003d6   0x080003d6   0x0000006e   Code   RO         2661    .text               mf_w.l(fepilogue.o)
    0x08000444   0x08000444   0x00000024   Code   RO         2663    .text               mc_w.l(init.o)
    0x08000468   0x08000468   0x00000002   Code   RO          237    .text.BusFault_Handler  stm32wlxx_it.o
    0x0800046a   0x0800046a   0x00000002   PAD
    0x0800046c   0x0800046c   0x00000044   Code   RO         2552    .text.CMD_GetChar   smartfram_command.o
    0x080004b0   0x080004b0   0x00000018   Code   RO         2550    .text.CMD_Init      smartfram_command.o
    0x080004c8   0x080004c8   0x00000020   Code   RO         2554    .text.CMD_Process   smartfram_command.o
    0x080004e8   0x080004e8   0x0000004c   Code   RO         1690    .text.CRYP_AESCCM_Process_DMA  stm32wlxx_hal_cryp.o
    0x08000534   0x08000534   0x0000004c   Code   RO         1688    .text.CRYP_AESGCM_Process_DMA  stm32wlxx_hal_cryp.o
    0x08000580   0x08000580   0x0000003e   Code   RO         1714    .text.CRYP_ClearCCFlagWhenHigh  stm32wlxx_hal_cryp.o
    0x080005be   0x080005be   0x0000001c   Code   RO         1710    .text.CRYP_DMAError  stm32wlxx_hal_cryp.o
    0x080005da   0x080005da   0x00000002   PAD
    0x080005dc   0x080005dc   0x000000b8   Code   RO         1708    .text.CRYP_DMAInCplt  stm32wlxx_hal_cryp.o
    0x08000694   0x08000694   0x00000104   Code   RO         1712    .text.CRYP_DMAOutCplt  stm32wlxx_hal_cryp.o
    0x08000798   0x08000798   0x00000104   Code   RO         1722    .text.CRYP_GCMCCM_SetHeaderPhase_DMA  stm32wlxx_hal_cryp.o
    0x0800089c   0x0800089c   0x000000f8   Code   RO         1716    .text.CRYP_GCMCCM_SetPayloadPhase_DMA  stm32wlxx_hal_cryp.o
    0x08000994   0x08000994   0x0000006c   Code   RO         1686    .text.CRYP_SetDMAConfig  stm32wlxx_hal_cryp.o
    0x08000a00   0x08000a00   0x00000042   Code   RO         1684    .text.CRYP_SetKey   stm32wlxx_hal_cryp.o
    0x08000a42   0x08000a42   0x00000030   Code   RO         1706    .text.CRYP_WaitOnCCFlag  stm32wlxx_hal_cryp.o
    0x08000a72   0x08000a72   0x0000001a   Code   RO         2418    .text.CalculatorBlockEncrypted  smartfram_encryptionaes.o
    0x08000a8c   0x08000a8c   0x000000b6   Code   RO         2414    .text.CheckDecrypted  smartfram_encryptionaes.o
    0x08000b42   0x08000b42   0x0000001a   Code   RO         2432    .text.CheckSum      smartfram_encryptionaes.o
    0x08000b5c   0x08000b5c   0x00000008   Code   RO           16    .text.CmdProcessNotify  subghz_phy_app.o
    0x08000b64   0x08000b64   0x00000064   Code   RO         2404    .text.CreateCheckSum  smartfram_encryptionaes.o
    0x08000bc8   0x08000bc8   0x00000008   Code   RO          259    .text.DMA1_Channel1_IRQHandler  stm32wlxx_it.o
    0x08000bd0   0x08000bd0   0x00000008   Code   RO          261    .text.DMA1_Channel2_IRQHandler  stm32wlxx_it.o
    0x08000bd8   0x08000bd8   0x0000000c   Code   RO          251    .text.DMA1_Channel5_IRQHandler  stm32wlxx_it.o
    0x08000be4   0x08000be4   0x0000004c   Code   RO          639    .text.DMA_CalcDMAMUXChannelBaseAndMask  stm32wlxx_hal_dma.o
    0x08000c30   0x08000c30   0x00000028   Code   RO          641    .text.DMA_CalcDMAMUXRequestGenBaseAndMask  stm32wlxx_hal_dma.o
    0x08000c58   0x08000c58   0x0000003a   Code   RO          647    .text.DMA_SetConfig  stm32wlxx_hal_dma.o
    0x08000c92   0x08000c92   0x00000002   Code   RO          243    .text.DebugMon_Handler  stm32wlxx_it.o
    0x08000c94   0x08000c94   0x0000004c   Code   RO         2420    .text.Encrypted_Init  smartfram_encryptionaes.o
    0x08000ce0   0x08000ce0   0x00000002   Code   RO          117    .text.Error_Handler  main.o
    0x08000ce2   0x08000ce2   0x00000002   PAD
    0x08000ce4   0x08000ce4   0x00000030   Code   RO          727    .text.FLASH_Program_Fast  stm32wlxx_hal_flash.o
    0x08000d14   0x08000d14   0x00000058   Code   RO          725    .text.FLASH_WaitForLastOperation  stm32wlxx_hal_flash.o
    0x08000d6c   0x08000d6c   0x00000024   Code   RO         2576    .text.FS_Command_CheckMSG_HeaderAndTyped  smartfram_command.o
    0x08000d90   0x08000d90   0x00000012   Code   RO         2570    .text.FS_Command_CheckSum  smartfram_command.o
    0x08000da2   0x08000da2   0x00000012   Code   RO         2558    .text.FS_Command_CreateChecksum  smartfram_command.o
    0x08000db4   0x08000db4   0x000000a4   Code   RO         2578    .text.FS_Command_MsgProcessing  smartfram_command.o
    0x08000e58   0x08000e58   0x00000028   Code   RO         2488    .text.FS_FlashGetway_CheckMacDevicey  smartfram_flashsys.o
    0x08000e80   0x08000e80   0x0000005c   Code   RO         2516    .text.FS_FlashGetway_CreateGetwayKey  smartfram_flashsys.o
    0x08000edc   0x08000edc   0x00000018   Code   RO         2490    .text.FS_FlashGetway_FindPageEmpty  smartfram_flashsys.o
    0x08000ef4   0x08000ef4   0x00000018   Code   RO         2500    .text.FS_FlashGetway_IncreaseUnicast  smartfram_flashsys.o
    0x08000f0c   0x08000f0c   0x0000007c   Code   RO         2514    .text.FS_FlashGetway_Read  smartfram_flashsys.o
    0x08000f88   0x08000f88   0x0000000e   Code   RO         2484    .text.FS_FlashGetway_ReadInit  smartfram_flashsys.o
    0x08000f96   0x08000f96   0x00000002   PAD
    0x08000f98   0x08000f98   0x00000028   Code   RO         2508    .text.FS_FlashGetway_ReadUnicastAndGetwayKey  smartfram_flashsys.o
    0x08000fc0   0x08000fc0   0x0000001c   Code   RO         2496    .text.FS_FlashGetway_UpdateDeviceKey  smartfram_flashsys.o
    0x08000fdc   0x08000fdc   0x00000080   Code   RO         2492    .text.FS_FlashGetway_Write  smartfram_flashsys.o
    0x0800105c   0x0800105c   0x00000094   Code   RO         2510    .text.FS_FlashGetway_WriteUnicastAndGetwayKey  smartfram_flashsys.o
    0x080010f0   0x080010f0   0x0000006c   Code   RO         2534    .text.FS_SetData    smartfram_messeger.o
    0x0800115c   0x0800115c   0x0000000c   Code   RO           36    .text.FS_StopScan   subghz_phy_app.o
    0x08001168   0x08001168   0x00000024   Code   RO         1648    .text.HAL_CRYP_DeInit  stm32wlxx_hal_cryp.o
    0x0800118c   0x0800118c   0x000000f8   Code   RO         1692    .text.HAL_CRYP_Decrypt_DMA  stm32wlxx_hal_cryp.o
    0x08001284   0x08001284   0x00000094   Code   RO         1682    .text.HAL_CRYP_Encrypt_DMA  stm32wlxx_hal_cryp.o
    0x08001318   0x08001318   0x00000002   Code   RO         1702    .text.HAL_CRYP_ErrorCallback  stm32wlxx_hal_cryp.o
    0x0800131a   0x0800131a   0x00000004   Code   RO         1660    .text.HAL_CRYP_GetState  stm32wlxx_hal_cryp.o
    0x0800131e   0x0800131e   0x00000002   Code   RO         1698    .text.HAL_CRYP_InCpltCallback  stm32wlxx_hal_cryp.o
    0x08001320   0x08001320   0x00000040   Code   RO         1644    .text.HAL_CRYP_Init  stm32wlxx_hal_cryp.o
    0x08001360   0x08001360   0x00000028   Code   RO          221    .text.HAL_CRYP_MspDeInit  stm32wlxx_hal_msp.o
    0x08001388   0x08001388   0x000000c8   Code   RO          219    .text.HAL_CRYP_MspInit  stm32wlxx_hal_msp.o
    0x08001450   0x08001450   0x00000002   Code   RO         1700    .text.HAL_CRYP_OutCpltCallback  stm32wlxx_hal_cryp.o
    0x08001452   0x08001452   0x0000006a   Code   RO          651    .text.HAL_DMA_Abort  stm32wlxx_hal_dma.o
    0x080014bc   0x080014bc   0x00000066   Code   RO          653    .text.HAL_DMA_Abort_IT  stm32wlxx_hal_dma.o
    0x08001522   0x08001522   0x00000020   Code   RO          667    .text.HAL_DMA_ConfigChannelAttributes  stm32wlxx_hal_dma.o
    0x08001542   0x08001542   0x00000002   PAD
    0x08001544   0x08001544   0x000000a4   Code   RO          643    .text.HAL_DMA_DeInit  stm32wlxx_hal_dma.o
    0x080015e8   0x080015e8   0x0000009c   Code   RO          657    .text.HAL_DMA_IRQHandler  stm32wlxx_hal_dma.o
    0x08001684   0x08001684   0x000000bc   Code   RO          637    .text.HAL_DMA_Init  stm32wlxx_hal_dma.o
    0x08001740   0x08001740   0x00000080   Code   RO          649    .text.HAL_DMA_Start_IT  stm32wlxx_hal_dma.o
    0x080017c0   0x080017c0   0x0000000c   Code   RO          299    .text.HAL_Delay     sys_app.o
    0x080017cc   0x080017cc   0x000000ac   Code   RO          760    .text.HAL_FLASHEx_Erase  stm32wlxx_hal_flash_ex.o
    0x08001878   0x08001878   0x00000014   Code   RO          739    .text.HAL_FLASH_Lock  stm32wlxx_hal_flash.o
    0x0800188c   0x0800188c   0x0000006c   Code   RO          723    .text.HAL_FLASH_Program  stm32wlxx_hal_flash.o
    0x080018f8   0x080018f8   0x00000028   Code   RO          737    .text.HAL_FLASH_Unlock  stm32wlxx_hal_flash.o
    0x08001920   0x08001920   0x000000ec   Code   RO          802    .text.HAL_GPIO_DeInit  stm32wlxx_hal_gpio.o
    0x08001a0c   0x08001a0c   0x00000170   Code   RO          800    .text.HAL_GPIO_Init  stm32wlxx_hal_gpio.o
    0x08001b7c   0x08001b7c   0x0000000c   Code   RO          806    .text.HAL_GPIO_WritePin  stm32wlxx_hal_gpio.o
    0x08001b88   0x08001b88   0x00000004   Code   RO          297    .text.HAL_GetTick   sys_app.o
    0x08001b8c   0x08001b8c   0x00000018   Code   RO          509    .text.HAL_IncTick   stm32wlxx_hal.o
    0x08001ba4   0x08001ba4   0x00000024   Code   RO          499    .text.HAL_Init      stm32wlxx_hal.o
    0x08001bc8   0x08001bc8   0x00000004   Code   RO          295    .text.HAL_InitTick  sys_app.o
    0x08001bcc   0x08001bcc   0x00000002   Code   RO          217    .text.HAL_MspInit   stm32wlxx_hal_msp.o
    0x08001bce   0x08001bce   0x00000002   PAD
    0x08001bd0   0x08001bd0   0x00000024   Code   RO          595    .text.HAL_NVIC_DisableIRQ  stm32wlxx_hal_cortex.o
    0x08001bf4   0x08001bf4   0x0000001c   Code   RO          593    .text.HAL_NVIC_EnableIRQ  stm32wlxx_hal_cortex.o
    0x08001c10   0x08001c10   0x0000004c   Code   RO          591    .text.HAL_NVIC_SetPriority  stm32wlxx_hal_cortex.o
    0x08001c5c   0x08001c5c   0x00000020   Code   RO          589    .text.HAL_NVIC_SetPriorityGrouping  stm32wlxx_hal_cortex.o
    0x08001c7c   0x08001c7c   0x0000003c   Code   RO          932    .text.HAL_PWREx_DisableLowPowerRunMode  stm32wlxx_hal_pwr_ex.o
    0x08001cb8   0x08001cb8   0x00000008   Code   RO          930    .text.HAL_PWREx_EnableLowPowerRunMode  stm32wlxx_hal_pwr_ex.o
    0x08001cc0   0x08001cc0   0x00000028   Code   RO          938    .text.HAL_PWREx_EnterSTOP2Mode  stm32wlxx_hal_pwr_ex.o
    0x08001ce8   0x08001ce8   0x0000000c   Code   RO          864    .text.HAL_PWREx_GetVoltageRange  stm32wlxx_hal_pwr_ex.o
    0x08001cf4   0x08001cf4   0x00000010   Code   RO          826    .text.HAL_PWR_EnableBkUpAccess  stm32wlxx_hal_pwr.o
    0x08001d04   0x08001d04   0x00000044   Code   RO          840    .text.HAL_PWR_EnterSLEEPMode  stm32wlxx_hal_pwr.o
    0x08001d48   0x08001d48   0x0000015c   Code   RO         1023    .text.HAL_RCCEx_PeriphCLKConfig  stm32wlxx_hal_rcc_ex.o
    0x08001ea4   0x08001ea4   0x000001e4   Code   RO          974    .text.HAL_RCC_ClockConfig  stm32wlxx_hal_rcc.o
    0x08002088   0x08002088   0x00000020   Code   RO          972    .text.HAL_RCC_GetHCLKFreq  stm32wlxx_hal_rcc.o
    0x080020a8   0x080020a8   0x00000018   Code   RO          984    .text.HAL_RCC_GetPCLK1Freq  stm32wlxx_hal_rcc.o
    0x080020c0   0x080020c0   0x00000020   Code   RO          986    .text.HAL_RCC_GetPCLK2Freq  stm32wlxx_hal_rcc.o
    0x080020e0   0x080020e0   0x000000e8   Code   RO          978    .text.HAL_RCC_GetSysClockFreq  stm32wlxx_hal_rcc.o
    0x080021c8   0x080021c8   0x00000544   Code   RO          968    .text.HAL_RCC_OscConfig  stm32wlxx_hal_rcc.o
    0x0800270c   0x0800270c   0x00000002   Code   RO         1905    .text.HAL_RNG_ErrorCallback  stm32wlxx_hal_rng.o
    0x0800270e   0x0800270e   0x00000092   Code   RO         1897    .text.HAL_RNG_GenerateRandomNumber  stm32wlxx_hal_rng.o
    0x080027a0   0x080027a0   0x000000a8   Code   RO         1889    .text.HAL_RNG_Init  stm32wlxx_hal_rng.o
    0x08002848   0x08002848   0x00000002   Code   RO         1891    .text.HAL_RNG_MspInit  stm32wlxx_hal_rng.o
    0x0800284a   0x0800284a   0x00000002   Code   RO         1217    .text.HAL_RTCEx_AlarmBEventCallback  stm32wlxx_hal_rtc_ex.o
    0x0800284c   0x0800284c   0x00000008   Code   RO         1255    .text.HAL_RTCEx_BKUPRead  stm32wlxx_hal_rtc_ex.o
    0x08002854   0x08002854   0x0000000c   Code   RO         1253    .text.HAL_RTCEx_BKUPWrite  stm32wlxx_hal_rtc_ex.o
    0x08002860   0x08002860   0x00000024   Code   RO         1201    .text.HAL_RTCEx_EnableBypassShadow  stm32wlxx_hal_rtc_ex.o
    0x08002884   0x08002884   0x00000010   Code   RO          178    .text.HAL_RTCEx_SSRUEventCallback  timer_if.o
    0x08002894   0x08002894   0x0000001c   Code   RO         1213    .text.HAL_RTCEx_SSRUIRQHandler  stm32wlxx_hal_rtc_ex.o
    0x080028b0   0x080028b0   0x00000034   Code   RO         1209    .text.HAL_RTCEx_SetSSRU_IT  stm32wlxx_hal_rtc_ex.o
    0x080028e4   0x080028e4   0x00000004   Code   RO          176    .text.HAL_RTC_AlarmAEventCallback  timer_if.o
    0x080028e8   0x080028e8   0x00000034   Code   RO         1113    .text.HAL_RTC_AlarmIRQHandler  stm32wlxx_hal_rtc.o
    0x0800291c   0x0800291c   0x00000060   Code   RO         1109    .text.HAL_RTC_DeactivateAlarm  stm32wlxx_hal_rtc.o
    0x0800297c   0x0800297c   0x0000008c   Code   RO         1071    .text.HAL_RTC_Init  stm32wlxx_hal_rtc.o
    0x08002a08   0x08002a08   0x00000078   Code   RO          129    .text.HAL_RTC_MspInit  rtc.o
    0x08002a80   0x08002a80   0x000000b8   Code   RO         1107    .text.HAL_RTC_SetAlarm_IT  stm32wlxx_hal_rtc.o
    0x08002b38   0x08002b38   0x00000034   Code   RO         1119    .text.HAL_RTC_WaitForSynchro  stm32wlxx_hal_rtc.o
    0x08002b6c   0x08002b6c   0x0000000c   Code   RO          523    .text.HAL_ResumeTick  stm32wlxx_hal.o
    0x08002b78   0x08002b78   0x0000001c   Code   RO         2144    .text.HAL_SUBGHZ_CADStatusCallback  radio_driver.o
    0x08002b94   0x08002b94   0x00000008   Code   RO         2142    .text.HAL_SUBGHZ_CRCErrorCallback  radio_driver.o
    0x08002b9c   0x08002b9c   0x00000054   Code   RO         1317    .text.HAL_SUBGHZ_ExecGetCmd  stm32wlxx_hal_subghz.o
    0x08002bf0   0x08002bf0   0x00000074   Code   RO         1315    .text.HAL_SUBGHZ_ExecSetCmd  stm32wlxx_hal_subghz.o
    0x08002c64   0x08002c64   0x00000008   Code   RO         2148    .text.HAL_SUBGHZ_HeaderErrorCallback  radio_driver.o
    0x08002c6c   0x08002c6c   0x00000008   Code   RO         2154    .text.HAL_SUBGHZ_HeaderValidCallback  radio_driver.o
    0x08002c74   0x08002c74   0x0000008e   Code   RO         1323    .text.HAL_SUBGHZ_IRQHandler  stm32wlxx_hal_subghz.o
    0x08002d02   0x08002d02   0x00000002   PAD
    0x08002d04   0x08002d04   0x000000a0   Code   RO         1287    .text.HAL_SUBGHZ_Init  stm32wlxx_hal_subghz.o
    0x08002da4   0x08002da4   0x00000030   Code   RO          272    .text.HAL_SUBGHZ_MspInit  subghz.o
    0x08002dd4   0x08002dd4   0x00000008   Code   RO         2150    .text.HAL_SUBGHZ_PreambleDetectedCallback  radio_driver.o
    0x08002ddc   0x08002ddc   0x00000054   Code   RO         1321    .text.HAL_SUBGHZ_ReadBuffer  stm32wlxx_hal_subghz.o
    0x08002e30   0x08002e30   0x0000005c   Code   RO         1307    .text.HAL_SUBGHZ_ReadRegisters  stm32wlxx_hal_subghz.o
    0x08002e8c   0x08002e8c   0x00000008   Code   RO         2140    .text.HAL_SUBGHZ_RxCpltCallback  radio_driver.o
    0x08002e94   0x08002e94   0x0000000c   Code   RO         2146    .text.HAL_SUBGHZ_RxTxTimeoutCallback  radio_driver.o
    0x08002ea0   0x08002ea0   0x00000008   Code   RO         2152    .text.HAL_SUBGHZ_SyncWordValidCallback  radio_driver.o
    0x08002ea8   0x08002ea8   0x0000000c   Code   RO         2138    .text.HAL_SUBGHZ_TxCpltCallback  radio_driver.o
    0x08002eb4   0x08002eb4   0x00000054   Code   RO         1319    .text.HAL_SUBGHZ_WriteBuffer  stm32wlxx_hal_subghz.o
    0x08002f08   0x08002f08   0x0000006c   Code   RO         1299    .text.HAL_SUBGHZ_WriteRegisters  stm32wlxx_hal_subghz.o
    0x08002f74   0x08002f74   0x0000000c   Code   RO          521    .text.HAL_SuspendTick  stm32wlxx_hal.o
    0x08002f80   0x08002f80   0x00000044   Code   RO         1609    .text.HAL_UARTEx_EnableFifoMode  stm32wlxx_hal_uart_ex.o
    0x08002fc4   0x08002fc4   0x00000020   Code   RO         1605    .text.HAL_UARTEx_EnableStopMode  stm32wlxx_hal_uart_ex.o
    0x08002fe4   0x08002fe4   0x00000002   Code   RO         1467    .text.HAL_UARTEx_RxEventCallback  stm32wlxx_hal_uart.o
    0x08002fe6   0x08002fe6   0x00000002   Code   RO         1597    .text.HAL_UARTEx_RxFifoFullCallback  stm32wlxx_hal_uart_ex.o
    0x08002fe8   0x08002fe8   0x0000001c   Code   RO         1617    .text.HAL_UARTEx_SetRxFifoThreshold  stm32wlxx_hal_uart_ex.o
    0x08003004   0x08003004   0x0000001c   Code   RO         1615    .text.HAL_UARTEx_SetTxFifoThreshold  stm32wlxx_hal_uart_ex.o
    0x08003020   0x08003020   0x0000007c   Code   RO         1603    .text.HAL_UARTEx_StopModeWakeUpSourceConfig  stm32wlxx_hal_uart_ex.o
    0x0800309c   0x0800309c   0x00000002   Code   RO         1599    .text.HAL_UARTEx_TxFifoEmptyCallback  stm32wlxx_hal_uart_ex.o
    0x0800309e   0x0800309e   0x00000002   Code   RO         1595    .text.HAL_UARTEx_WakeupCallback  stm32wlxx_hal_uart_ex.o
    0x080030a0   0x080030a0   0x00000002   Code   RO         1465    .text.HAL_UART_ErrorCallback  stm32wlxx_hal_uart.o
    0x080030a2   0x080030a2   0x00000002   PAD
    0x080030a4   0x080030a4   0x00000254   Code   RO         1461    .text.HAL_UART_IRQHandler  stm32wlxx_hal_uart.o
    0x080032f8   0x080032f8   0x0000003a   Code   RO         1373    .text.HAL_UART_Init  stm32wlxx_hal_uart.o
    0x08003332   0x08003332   0x00000002   PAD
    0x08003334   0x08003334   0x00000038   Code   RO          325    .text.HAL_UART_MspDeInit  usart.o
    0x0800336c   0x0800336c   0x000000d4   Code   RO          323    .text.HAL_UART_MspInit  usart.o
    0x08003440   0x08003440   0x00000030   Code   RO         1409    .text.HAL_UART_Receive_IT  stm32wlxx_hal_uart.o
    0x08003470   0x08003470   0x0000002c   Code   RO          353    .text.HAL_UART_RxCpltCallback  usart_if.o
    0x0800349c   0x0800349c   0x000000b8   Code   RO         1393    .text.HAL_UART_Transmit  stm32wlxx_hal_uart.o
    0x08003554   0x08003554   0x00000084   Code   RO         1413    .text.HAL_UART_Transmit_DMA  stm32wlxx_hal_uart.o
    0x080035d8   0x080035d8   0x0000000c   Code   RO          351    .text.HAL_UART_TxCpltCallback  usart_if.o
    0x080035e4   0x080035e4   0x00000002   Code   RO         1471    .text.HAL_UART_TxHalfCpltCallback  stm32wlxx_hal_uart.o
    0x080035e6   0x080035e6   0x00000002   Code   RO          233    .text.HardFault_Handler  stm32wlxx_it.o
    0x080035e8   0x080035e8   0x0000003c   Code   RO           30    .text.JoinNetworkTask_Process  subghz_phy_app.o
    0x08003624   0x08003624   0x00000018   Code   RO          103    .text.LL_AHB1_GRP1_EnableClock  dma.o
    0x0800363c   0x0800363c   0x0000001c   Code   RO         2426    .text.LL_AHB1_GRP1_EnableClock  smartfram_encryptionaes.o
    0x08003658   0x08003658   0x00000018   Code   RO          303    .text.LL_AHB2_GRP1_EnableClock  sys_app.o
    0x08003670   0x08003670   0x00000020   Code   RO          377    .text.LL_AHB2_GRP1_EnableClock  radio_board_if.o
    0x08003690   0x08003690   0x00000020   Code   RO         1025    .text.LL_RCC_SetI2CClockSource  stm32wlxx_hal_rcc_ex.o
    0x080036b0   0x080036b0   0x00000008   Code   RO          253    .text.LPUART1_IRQHandler  stm32wlxx_it.o
    0x080036b8   0x080036b8   0x00000022   Code   RO          101    .text.MX_DMA_Init   dma.o
    0x080036da   0x080036da   0x00000002   PAD
    0x080036dc   0x080036dc   0x00000100   Code   RO         2601    .text.MX_IWDG_Init  smartfram_sysinit.o
    0x080037dc   0x080037dc   0x00000010   Code   RO         2603    .text.MX_IWDG_Reload  smartfram_sysinit.o
    0x080037ec   0x080037ec   0x00000068   Code   RO          321    .text.MX_LPUART1_UART_Init  usart.o
    0x08003854   0x08003854   0x00000074   Code   RO          127    .text.MX_RTC_Init   rtc.o
    0x080038c8   0x080038c8   0x0000001c   Code   RO          270    .text.MX_SUBGHZ_Init  subghz.o
    0x080038e4   0x080038e4   0x0000000e   Code   RO            3    .text.MX_SubGHz_Phy_Init  app_subghz_phy.o
    0x080038f2   0x080038f2   0x00000008   Code   RO            5    .text.MX_SubGHz_Phy_Process  app_subghz_phy.o
    0x080038fa   0x080038fa   0x00000002   Code   RO          235    .text.MemManage_Handler  stm32wlxx_it.o
    0x080038fc   0x080038fc   0x00000094   Code   RO           32    .text.MessageReceive_Process  subghz_phy_app.o
    0x08003990   0x08003990   0x000000dc   Code   RO           34    .text.MessageTransmission_Process  subghz_phy_app.o
    0x08003a6c   0x08003a6c   0x00000002   Code   RO          231    .text.NMI_Handler   stm32wlxx_it.o
    0x08003a6e   0x08003a6e   0x00000010   Code   RO          182    .text.OUTLINED_FUNCTION_0  timer_if.o
    0x08003a7e   0x08003a7e   0x0000000c   Code   RO          391    .text.OUTLINED_FUNCTION_0  radio_board_if.o
    0x08003a8a   0x08003a8a   0x0000000a   Code   RO          569    .text.OUTLINED_FUNCTION_0  stm32wlxx_hal.o
    0x08003a94   0x08003a94   0x00000008   Code   RO          749    .text.OUTLINED_FUNCTION_0  stm32wlxx_hal_flash.o
    0x08003a9c   0x08003a9c   0x00000008   Code   RO          790    .text.OUTLINED_FUNCTION_0  stm32wlxx_hal_flash_ex.o
    0x08003aa4   0x08003aa4   0x0000000a   Code   RO          946    .text.OUTLINED_FUNCTION_0  stm32wlxx_hal_pwr_ex.o
    0x08003aae   0x08003aae   0x00000028   Code   RO          998    .text.OUTLINED_FUNCTION_0  stm32wlxx_hal_rcc.o
    0x08003ad6   0x08003ad6   0x00000014   Code   RO         1053    .text.OUTLINED_FUNCTION_0  stm32wlxx_hal_rcc_ex.o
    0x08003aea   0x08003aea   0x0000000c   Code   RO         1123    .text.OUTLINED_FUNCTION_0  stm32wlxx_hal_rtc.o
    0x08003af6   0x08003af6   0x00000010   Code   RO         1257    .text.OUTLINED_FUNCTION_0  stm32wlxx_hal_rtc_ex.o
    0x08003b06   0x08003b06   0x0000000e   Code   RO         1347    .text.OUTLINED_FUNCTION_0  stm32wlxx_hal_subghz.o
    0x08003b14   0x08003b14   0x00000016   Code   RO         1511    .text.OUTLINED_FUNCTION_0  stm32wlxx_hal_uart.o
    0x08003b2a   0x08003b2a   0x0000001c   Code   RO         1625    .text.OUTLINED_FUNCTION_0  stm32wlxx_hal_uart_ex.o
    0x08003b46   0x08003b46   0x00000016   Code   RO         1724    .text.OUTLINED_FUNCTION_0  stm32wlxx_hal_cryp.o
    0x08003b5c   0x08003b5c   0x0000000c   Code   RO         1915    .text.OUTLINED_FUNCTION_0  stm32wlxx_hal_rng.o
    0x08003b68   0x08003b68   0x00000010   Code   RO         1995    .text.OUTLINED_FUNCTION_0  radio.o
    0x08003b78   0x08003b78   0x00000006   Code   RO         2156    .text.OUTLINED_FUNCTION_0  radio_driver.o
    0x08003b7e   0x08003b7e   0x00000012   Code   RO         2217    .text.OUTLINED_FUNCTION_0  stm32_adv_trace.o
    0x08003b90   0x08003b90   0x0000000a   Code   RO         2434    .text.OUTLINED_FUNCTION_0  smartfram_encryptionaes.o
    0x08003b9a   0x08003b9a   0x00000008   Code   RO         2472    .text.OUTLINED_FUNCTION_0  smartfram_joinnetwork.o
    0x08003ba2   0x08003ba2   0x00000006   Code   RO         2536    .text.OUTLINED_FUNCTION_0  smartfram_messeger.o
    0x08003ba8   0x08003ba8   0x00000010   Code   RO         2580    .text.OUTLINED_FUNCTION_0  smartfram_command.o
    0x08003bb8   0x08003bb8   0x0000000a   Code   RO          184    .text.OUTLINED_FUNCTION_1  timer_if.o
    0x08003bc2   0x08003bc2   0x0000000c   Code   RO          393    .text.OUTLINED_FUNCTION_1  radio_board_if.o
    0x08003bce   0x08003bce   0x00000006   Code   RO         1000    .text.OUTLINED_FUNCTION_1  stm32wlxx_hal_rcc.o
    0x08003bd4   0x08003bd4   0x00000018   Code   RO         1125    .text.OUTLINED_FUNCTION_1  stm32wlxx_hal_rtc.o
    0x08003bec   0x08003bec   0x00000010   Code   RO         1349    .text.OUTLINED_FUNCTION_1  stm32wlxx_hal_subghz.o
    0x08003bfc   0x08003bfc   0x00000012   Code   RO         1513    .text.OUTLINED_FUNCTION_1  stm32wlxx_hal_uart.o
    0x08003c0e   0x08003c0e   0x00000012   Code   RO         1627    .text.OUTLINED_FUNCTION_1  stm32wlxx_hal_uart_ex.o
    0x08003c20   0x08003c20   0x00000008   Code   RO         1997    .text.OUTLINED_FUNCTION_1  radio.o
    0x08003c28   0x08003c28   0x0000000e   Code   RO         2158    .text.OUTLINED_FUNCTION_1  radio_driver.o
    0x08003c36   0x08003c36   0x0000000c   Code   RO         2436    .text.OUTLINED_FUNCTION_1  smartfram_encryptionaes.o
    0x08003c42   0x08003c42   0x0000000a   Code   RO         2538    .text.OUTLINED_FUNCTION_1  smartfram_messeger.o
    0x08003c4c   0x08003c4c   0x00000018   Code   RO         2582    .text.OUTLINED_FUNCTION_1  smartfram_command.o
    0x08003c64   0x08003c64   0x00000006   Code   RO         1143    .text.OUTLINED_FUNCTION_10  stm32wlxx_hal_rtc.o
    0x08003c6a   0x08003c6a   0x0000000c   Code   RO         1277    .text.OUTLINED_FUNCTION_10  stm32wlxx_hal_rtc_ex.o
    0x08003c76   0x08003c76   0x0000000a   Code   RO         1145    .text.OUTLINED_FUNCTION_11  stm32wlxx_hal_rtc.o
    0x08003c80   0x08003c80   0x0000000e   Code   RO         1533    .text.OUTLINED_FUNCTION_11  stm32wlxx_hal_uart.o
    0x08003c8e   0x08003c8e   0x0000001a   Code   RO         1746    .text.OUTLINED_FUNCTION_11  stm32wlxx_hal_cryp.o
    0x08003ca8   0x08003ca8   0x00000016   Code   RO         1537    .text.OUTLINED_FUNCTION_13  stm32wlxx_hal_uart.o
    0x08003cbe   0x08003cbe   0x0000000a   Code   RO         1750    .text.OUTLINED_FUNCTION_13  stm32wlxx_hal_cryp.o
    0x08003cc8   0x08003cc8   0x00000012   Code   RO         1541    .text.OUTLINED_FUNCTION_15  stm32wlxx_hal_uart.o
    0x08003cda   0x08003cda   0x0000001a   Code   RO         1754    .text.OUTLINED_FUNCTION_15  stm32wlxx_hal_cryp.o
    0x08003cf4   0x08003cf4   0x00000012   Code   RO         1543    .text.OUTLINED_FUNCTION_16  stm32wlxx_hal_uart.o
    0x08003d06   0x08003d06   0x00000012   Code   RO         1545    .text.OUTLINED_FUNCTION_17  stm32wlxx_hal_uart.o
    0x08003d18   0x08003d18   0x0000000c   Code   RO          395    .text.OUTLINED_FUNCTION_2  radio_board_if.o
    0x08003d24   0x08003d24   0x0000000a   Code   RO          573    .text.OUTLINED_FUNCTION_2  stm32wlxx_hal.o
    0x08003d2e   0x08003d2e   0x0000000c   Code   RO         1002    .text.OUTLINED_FUNCTION_2  stm32wlxx_hal_rcc.o
    0x08003d3a   0x08003d3a   0x00000014   Code   RO         1127    .text.OUTLINED_FUNCTION_2  stm32wlxx_hal_rtc.o
    0x08003d4e   0x08003d4e   0x00000012   Code   RO         1351    .text.OUTLINED_FUNCTION_2  stm32wlxx_hal_subghz.o
    0x08003d60   0x08003d60   0x00000024   Code   RO         1515    .text.OUTLINED_FUNCTION_2  stm32wlxx_hal_uart.o
    0x08003d84   0x08003d84   0x00000034   Code   RO         1728    .text.OUTLINED_FUNCTION_2  stm32wlxx_hal_cryp.o
    0x08003db8   0x08003db8   0x00000006   Code   RO         1999    .text.OUTLINED_FUNCTION_2  radio.o
    0x08003dbe   0x08003dbe   0x00000006   Code   RO         2438    .text.OUTLINED_FUNCTION_2  smartfram_encryptionaes.o
    0x08003dc4   0x08003dc4   0x00000006   Code   RO         2584    .text.OUTLINED_FUNCTION_2  smartfram_command.o
    0x08003dca   0x08003dca   0x00000012   Code   RO         1551    .text.OUTLINED_FUNCTION_20  stm32wlxx_hal_uart.o
    0x08003ddc   0x08003ddc   0x0000000e   Code   RO         1553    .text.OUTLINED_FUNCTION_21  stm32wlxx_hal_uart.o
    0x08003dea   0x08003dea   0x0000000a   Code   RO         1766    .text.OUTLINED_FUNCTION_21  stm32wlxx_hal_cryp.o
    0x08003df4   0x08003df4   0x0000000c   Code   RO         1555    .text.OUTLINED_FUNCTION_22  stm32wlxx_hal_uart.o
    0x08003e00   0x08003e00   0x00000010   Code   RO         1559    .text.OUTLINED_FUNCTION_24  stm32wlxx_hal_uart.o
    0x08003e10   0x08003e10   0x00000008   Code   RO         1563    .text.OUTLINED_FUNCTION_26  stm32wlxx_hal_uart.o
    0x08003e18   0x08003e18   0x0000001a   Code   RO         1776    .text.OUTLINED_FUNCTION_26  stm32wlxx_hal_cryp.o
    0x08003e32   0x08003e32   0x0000000e   Code   RO         1565    .text.OUTLINED_FUNCTION_27  stm32wlxx_hal_uart.o
    0x08003e40   0x08003e40   0x0000000e   Code   RO         1780    .text.OUTLINED_FUNCTION_28  stm32wlxx_hal_cryp.o
    0x08003e4e   0x08003e4e   0x0000000a   Code   RO         1569    .text.OUTLINED_FUNCTION_29  stm32wlxx_hal_uart.o
    0x08003e58   0x08003e58   0x00000014   Code   RO         1782    .text.OUTLINED_FUNCTION_29  stm32wlxx_hal_cryp.o
    0x08003e6c   0x08003e6c   0x00000010   Code   RO         1004    .text.OUTLINED_FUNCTION_3  stm32wlxx_hal_rcc.o
    0x08003e7c   0x08003e7c   0x0000000e   Code   RO         1353    .text.OUTLINED_FUNCTION_3  stm32wlxx_hal_subghz.o
    0x08003e8a   0x08003e8a   0x00000020   Code   RO         1517    .text.OUTLINED_FUNCTION_3  stm32wlxx_hal_uart.o
    0x08003eaa   0x08003eaa   0x0000000a   Code   RO         1631    .text.OUTLINED_FUNCTION_3  stm32wlxx_hal_uart_ex.o
    0x08003eb4   0x08003eb4   0x00000034   Code   RO         1730    .text.OUTLINED_FUNCTION_3  stm32wlxx_hal_cryp.o
    0x08003ee8   0x08003ee8   0x0000000c   Code   RO         2001    .text.OUTLINED_FUNCTION_3  radio.o
    0x08003ef4   0x08003ef4   0x00000008   Code   RO         2586    .text.OUTLINED_FUNCTION_3  smartfram_command.o
    0x08003efc   0x08003efc   0x0000000a   Code   RO         1571    .text.OUTLINED_FUNCTION_30  stm32wlxx_hal_uart.o
    0x08003f06   0x08003f06   0x00000010   Code   RO         1786    .text.OUTLINED_FUNCTION_31  stm32wlxx_hal_cryp.o
    0x08003f16   0x08003f16   0x0000000e   Code   RO         1575    .text.OUTLINED_FUNCTION_32  stm32wlxx_hal_uart.o
    0x08003f24   0x08003f24   0x0000000c   Code   RO         1788    .text.OUTLINED_FUNCTION_32  stm32wlxx_hal_cryp.o
    0x08003f30   0x08003f30   0x0000000e   Code   RO         1577    .text.OUTLINED_FUNCTION_33  stm32wlxx_hal_uart.o
    0x08003f3e   0x08003f3e   0x00000006   Code   RO         1579    .text.OUTLINED_FUNCTION_34  stm32wlxx_hal_uart.o
    0x08003f44   0x08003f44   0x0000000c   Code   RO         1792    .text.OUTLINED_FUNCTION_34  stm32wlxx_hal_cryp.o
    0x08003f50   0x08003f50   0x00000006   Code   RO         1581    .text.OUTLINED_FUNCTION_35  stm32wlxx_hal_uart.o
    0x08003f56   0x08003f56   0x00000012   Code   RO         1796    .text.OUTLINED_FUNCTION_36  stm32wlxx_hal_cryp.o
    0x08003f68   0x08003f68   0x0000000e   Code   RO         1798    .text.OUTLINED_FUNCTION_37  stm32wlxx_hal_cryp.o
    0x08003f76   0x08003f76   0x0000000e   Code   RO         1800    .text.OUTLINED_FUNCTION_38  stm32wlxx_hal_cryp.o
    0x08003f84   0x08003f84   0x00000008   Code   RO         1006    .text.OUTLINED_FUNCTION_4  stm32wlxx_hal_rcc.o
    0x08003f8c   0x08003f8c   0x0000000e   Code   RO         1061    .text.OUTLINED_FUNCTION_4  stm32wlxx_hal_rcc_ex.o
    0x08003f9a   0x08003f9a   0x00000012   Code   RO         1131    .text.OUTLINED_FUNCTION_4  stm32wlxx_hal_rtc.o
    0x08003fac   0x08003fac   0x00000012   Code   RO         1355    .text.OUTLINED_FUNCTION_4  stm32wlxx_hal_subghz.o
    0x08003fbe   0x08003fbe   0x0000000c   Code   RO         1519    .text.OUTLINED_FUNCTION_4  stm32wlxx_hal_uart.o
    0x08003fca   0x08003fca   0x0000000a   Code   RO         1633    .text.OUTLINED_FUNCTION_4  stm32wlxx_hal_uart_ex.o
    0x08003fd4   0x08003fd4   0x00000008   Code   RO         2003    .text.OUTLINED_FUNCTION_4  radio.o
    0x08003fdc   0x08003fdc   0x00000008   Code   RO         1810    .text.OUTLINED_FUNCTION_43  stm32wlxx_hal_cryp.o
    0x08003fe4   0x08003fe4   0x00000008   Code   RO         1812    .text.OUTLINED_FUNCTION_44  stm32wlxx_hal_cryp.o
    0x08003fec   0x08003fec   0x00000008   Code   RO         1814    .text.OUTLINED_FUNCTION_45  stm32wlxx_hal_cryp.o
    0x08003ff4   0x08003ff4   0x00000008   Code   RO         1820    .text.OUTLINED_FUNCTION_48  stm32wlxx_hal_cryp.o
    0x08003ffc   0x08003ffc   0x0000000a   Code   RO          956    .text.OUTLINED_FUNCTION_5  stm32wlxx_hal_pwr_ex.o
    0x08004006   0x08004006   0x00000006   Code   RO         1008    .text.OUTLINED_FUNCTION_5  stm32wlxx_hal_rcc.o
    0x0800400c   0x0800400c   0x0000000e   Code   RO         1133    .text.OUTLINED_FUNCTION_5  stm32wlxx_hal_rtc.o
    0x0800401a   0x0800401a   0x00000010   Code   RO         1357    .text.OUTLINED_FUNCTION_5  stm32wlxx_hal_subghz.o
    0x0800402a   0x0800402a   0x0000000e   Code   RO         2005    .text.OUTLINED_FUNCTION_5  radio.o
    0x08004038   0x08004038   0x0000000e   Code   RO         1830    .text.OUTLINED_FUNCTION_53  stm32wlxx_hal_cryp.o
    0x08004046   0x08004046   0x0000000e   Code   RO         1832    .text.OUTLINED_FUNCTION_54  stm32wlxx_hal_cryp.o
    0x08004054   0x08004054   0x00000016   Code   RO         1836    .text.OUTLINED_FUNCTION_56  stm32wlxx_hal_cryp.o
    0x0800406a   0x0800406a   0x00000008   Code   RO         1010    .text.OUTLINED_FUNCTION_6  stm32wlxx_hal_rcc.o
    0x08004072   0x08004072   0x00000010   Code   RO         1135    .text.OUTLINED_FUNCTION_6  stm32wlxx_hal_rtc.o
    0x08004082   0x08004082   0x00000006   Code   RO         1359    .text.OUTLINED_FUNCTION_6  stm32wlxx_hal_subghz.o
    0x08004088   0x08004088   0x00000006   Code   RO         2007    .text.OUTLINED_FUNCTION_6  radio.o
    0x0800408e   0x0800408e   0x00000010   Code   RO         1137    .text.OUTLINED_FUNCTION_7  stm32wlxx_hal_rtc.o
    0x0800409e   0x0800409e   0x00000008   Code   RO         1361    .text.OUTLINED_FUNCTION_7  stm32wlxx_hal_subghz.o
    0x080040a6   0x080040a6   0x0000001c   Code   RO         1525    .text.OUTLINED_FUNCTION_7  stm32wlxx_hal_uart.o
    0x080040c2   0x080040c2   0x00000006   Code   RO         2009    .text.OUTLINED_FUNCTION_7  radio.o
    0x080040c8   0x080040c8   0x00000010   Code   RO         1139    .text.OUTLINED_FUNCTION_8  stm32wlxx_hal_rtc.o
    0x080040d8   0x080040d8   0x00000008   Code   RO         1363    .text.OUTLINED_FUNCTION_8  stm32wlxx_hal_subghz.o
    0x080040e0   0x080040e0   0x0000000c   Code   RO         1527    .text.OUTLINED_FUNCTION_8  stm32wlxx_hal_uart.o
    0x080040ec   0x080040ec   0x0000000a   Code   RO         2011    .text.OUTLINED_FUNCTION_8  radio.o
    0x080040f6   0x080040f6   0x0000000e   Code   RO         1141    .text.OUTLINED_FUNCTION_9  stm32wlxx_hal_rtc.o
    0x08004104   0x08004104   0x00000044   Code   RO           22    .text.OnRxDone      subghz_phy_app.o
    0x08004148   0x08004148   0x00000014   Code   RO           28    .text.OnRxError     subghz_phy_app.o
    0x0800415c   0x0800415c   0x00000014   Code   RO           26    .text.OnRxTimeout   subghz_phy_app.o
    0x08004170   0x08004170   0x00000014   Code   RO           20    .text.OnTxDone      subghz_phy_app.o
    0x08004184   0x08004184   0x00000018   Code   RO           24    .text.OnTxTimeout   subghz_phy_app.o
    0x0800419c   0x0800419c   0x00000002   Code   RO          205    .text.PWR_EnterOffMode  stm32_lpm_if.o
    0x0800419e   0x0800419e   0x00000012   Code   RO          197    .text.PWR_EnterSleepMode  stm32_lpm_if.o
    0x080041b0   0x080041b0   0x0000001c   Code   RO          201    .text.PWR_EnterStopMode  stm32_lpm_if.o
    0x080041cc   0x080041cc   0x00000002   Code   RO          207    .text.PWR_ExitOffMode  stm32_lpm_if.o
    0x080041ce   0x080041ce   0x00000004   Code   RO          199    .text.PWR_ExitSleepMode  stm32_lpm_if.o
    0x080041d2   0x080041d2   0x0000000e   Code   RO          203    .text.PWR_ExitStopMode  stm32_lpm_if.o
    0x080041e0   0x080041e0   0x00000002   Code   RO          245    .text.PendSV_Handler  stm32wlxx_it.o
    0x080041e2   0x080041e2   0x00000002   PAD
    0x080041e4   0x080041e4   0x00000040   Code   RO          381    .text.RBI_ConfigRFSwitch  radio_board_if.o
    0x08004224   0x08004224   0x00000004   Code   RO          383    .text.RBI_GetTxConfig  radio_board_if.o
    0x08004228   0x08004228   0x00000004   Code   RO          385    .text.RBI_GetWakeUpTime  radio_board_if.o
    0x0800422c   0x0800422c   0x00000058   Code   RO          375    .text.RBI_Init      radio_board_if.o
    0x08004284   0x08004284   0x00000004   Code   RO          389    .text.RBI_IsDCDC    radio_board_if.o
    0x08004288   0x08004288   0x00000004   Code   RO          387    .text.RBI_IsTCXO    radio_board_if.o
    0x0800428c   0x0800428c   0x000000a4   Code   RO          970    .text.RCC_SetFlashLatencyFromMSIRange  stm32wlxx_hal_rcc.o
    0x08004330   0x08004330   0x00000082   Code   RO         1899    .text.RNG_RecoverSeedError  stm32wlxx_hal_rng.o
    0x080043b2   0x080043b2   0x00000002   PAD
    0x080043b4   0x080043b4   0x0000000c   Code   RO          255    .text.RTC_Alarm_IRQHandler  stm32wlxx_it.o
    0x080043c0   0x080043c0   0x00000024   Code   RO         1085    .text.RTC_ByteToBcd2  stm32wlxx_hal_rtc.o
    0x080043e4   0x080043e4   0x00000050   Code   RO         1075    .text.RTC_EnterInitMode  stm32wlxx_hal_rtc.o
    0x08004434   0x08004434   0x0000004c   Code   RO         1077    .text.RTC_ExitInitMode  stm32wlxx_hal_rtc.o
    0x08004480   0x08004480   0x00000004   Code   RO         1941    .text.RadioCheckRfFrequency  radio.o
    0x08004484   0x08004484   0x00000024   Code   RO         1987    .text.RadioGetFskBandwidthRegValue  radio.o
    0x080044a8   0x080044a8   0x00000028   Code   RO         1927    .text.RadioGetStatus  radio.o
    0x080044d0   0x080044d0   0x0000000a   Code   RO         1971    .text.RadioGetWakeupTime  radio.o
    0x080044da   0x080044da   0x00000002   PAD
    0x080044dc   0x080044dc   0x0000007c   Code   RO         1925    .text.RadioInit     radio.o
    0x08004558   0x08004558   0x0000014c   Code   RO         1973    .text.RadioIrqProcess  radio.o
    0x080046a4   0x080046a4   0x00000082   Code   RO         1933    .text.RadioIsChannelFree  radio.o
    0x08004726   0x08004726   0x00000002   PAD
    0x08004728   0x08004728   0x0000000c   Code   RO         1989    .text.RadioOnDioIrq  radio.o
    0x08004734   0x08004734   0x00000010   Code   RO         1993    .text.RadioOnRxTimeoutIrq  radio.o
    0x08004744   0x08004744   0x00000010   Code   RO         1991    .text.RadioOnTxTimeoutIrq  radio.o
    0x08004754   0x08004754   0x00000016   Code   RO         1935    .text.RadioRandom   radio.o
    0x0800476a   0x0800476a   0x00000004   Code   RO         1961    .text.RadioRead     radio.o
    0x0800476e   0x0800476e   0x00000004   Code   RO         1965    .text.RadioReadRegisters  radio.o
    0x08004772   0x08004772   0x00000008   Code   RO         1957    .text.RadioRssi     radio.o
    0x0800477a   0x0800477a   0x00000002   PAD
    0x0800477c   0x0800477c   0x00000034   Code   RO         1951    .text.RadioRx       radio.o
    0x080047b0   0x080047b0   0x0000003c   Code   RO         1975    .text.RadioRxBoosted  radio.o
    0x080047ec   0x080047ec   0x00000154   Code   RO         1945    .text.RadioSend     radio.o
    0x08004940   0x08004940   0x00000004   Code   RO         1931    .text.RadioSetChannel  radio.o
    0x08004944   0x08004944   0x00000028   Code   RO         1967    .text.RadioSetMaxPayloadLength  radio.o
    0x0800496c   0x0800496c   0x0000004c   Code   RO         1929    .text.RadioSetModem  radio.o
    0x080049b8   0x080049b8   0x00000038   Code   RO         1969    .text.RadioSetPublicNetwork  radio.o
    0x080049f0   0x080049f0   0x0000028c   Code   RO         1937    .text.RadioSetRxConfig  radio.o
    0x08004c7c   0x08004c7c   0x00000024   Code   RO         1977    .text.RadioSetRxDutyCycle  radio.o
    0x08004ca0   0x08004ca0   0x000001a0   Code   RO         1983    .text.RadioSetRxGenericConfig  radio.o
    0x08004e40   0x08004e40   0x00000198   Code   RO         1939    .text.RadioSetTxConfig  radio.o
    0x08004fd8   0x08004fd8   0x0000003c   Code   RO         1955    .text.RadioSetTxContinuousWave  radio.o
    0x08005014   0x08005014   0x00000160   Code   RO         1985    .text.RadioSetTxGenericConfig  radio.o
    0x08005174   0x08005174   0x00000012   Code   RO         1947    .text.RadioSleep    radio.o
    0x08005186   0x08005186   0x00000006   Code   RO         1949    .text.RadioStandby  radio.o
    0x0800518c   0x0800518c   0x00000016   Code   RO         1953    .text.RadioStartCad  radio.o
    0x080051a2   0x080051a2   0x00000002   PAD
    0x080051a4   0x080051a4   0x00000124   Code   RO         1943    .text.RadioTimeOnAir  radio.o
    0x080052c8   0x080052c8   0x00000014   Code   RO         1981    .text.RadioTxCw     radio.o
    0x080052dc   0x080052dc   0x00000030   Code   RO         1979    .text.RadioTxPrbs   radio.o
    0x0800530c   0x0800530c   0x00000004   Code   RO         1959    .text.RadioWrite    radio.o
    0x08005310   0x08005310   0x00000004   Code   RO         1963    .text.RadioWriteRegisters  radio.o
    0x08005314   0x08005314   0x0000002a   Code   RO         2030    .text.Radio_SMPS_Set  radio_driver.o
    0x0800533e   0x0800533e   0x00000002   PAD
    0x08005340   0x08005340   0x0000003c   Code   RO         2271    .text.SEQ_BitPosition  stm32_seq.o
    0x0800537c   0x0800537c   0x00000024   Code   RO         1291    .text.SUBGHZSPI_Init  stm32wlxx_hal_subghz.o
    0x080053a0   0x080053a0   0x00000058   Code   RO         1309    .text.SUBGHZSPI_Receive  stm32wlxx_hal_subghz.o
    0x080053f8   0x080053f8   0x00000058   Code   RO         1303    .text.SUBGHZSPI_Transmit  stm32wlxx_hal_subghz.o
    0x08005450   0x08005450   0x00000030   Code   RO         1301    .text.SUBGHZ_CheckDeviceReady  stm32wlxx_hal_subghz.o
    0x08005480   0x08005480   0x00000008   Code   RO          257    .text.SUBGHZ_Radio_IRQHandler  stm32wlxx_it.o
    0x08005488   0x08005488   0x00000044   Code   RO         1305    .text.SUBGHZ_WaitOnBusy  stm32wlxx_hal_subghz.o
    0x080054cc   0x080054cc   0x0000001c   Code   RO         2038    .text.SUBGRF_Calibrate  radio_driver.o
    0x080054e8   0x080054e8   0x00000078   Code   RO         2096    .text.SUBGRF_CalibrateImage  radio_driver.o
    0x08005560   0x08005560   0x00000008   Code   RO         2040    .text.SUBGRF_GetOperatingMode  radio_driver.o
    0x08005568   0x08005568   0x00000074   Code   RO         2124    .text.SUBGRF_GetPacketStatus  radio_driver.o
    0x080055dc   0x080055dc   0x00000030   Code   RO         2046    .text.SUBGRF_GetPayload  radio_driver.o
    0x0800560c   0x0800560c   0x00000004   Code   RO         2136    .text.SUBGRF_GetRadioWakeUpTime  radio_driver.o
    0x08005610   0x08005610   0x00000064   Code   RO         2070    .text.SUBGRF_GetRandom  radio_driver.o
    0x08005674   0x08005674   0x0000001c   Code   RO         2122    .text.SUBGRF_GetRssiInst  radio_driver.o
    0x08005690   0x08005690   0x0000003c   Code   RO         2048    .text.SUBGRF_GetRxBufferStatus  radio_driver.o
    0x080056cc   0x080056cc   0x00000064   Code   RO         2028    .text.SUBGRF_Init   radio_driver.o
    0x08005730   0x08005730   0x0000000c   Code   RO         2050    .text.SUBGRF_ReadBuffer  radio_driver.o
    0x0800573c   0x0800573c   0x00000018   Code   RO         2068    .text.SUBGRF_ReadRegister  radio_driver.o
    0x08005754   0x08005754   0x0000000c   Code   RO         2074    .text.SUBGRF_ReadRegisters  radio_driver.o
    0x08005760   0x08005760   0x00000012   Code   RO         2052    .text.SUBGRF_SendPayload  radio_driver.o
    0x08005772   0x08005772   0x00000002   PAD
    0x08005774   0x08005774   0x0000001c   Code   RO         2118    .text.SUBGRF_SetBufferBaseAddress  radio_driver.o
    0x08005790   0x08005790   0x00000018   Code   RO         2084    .text.SUBGRF_SetCad  radio_driver.o
    0x080057a8   0x080057a8   0x00000020   Code   RO         2064    .text.SUBGRF_SetCrcPolynomial  radio_driver.o
    0x080057c8   0x080057c8   0x00000024   Code   RO         2060    .text.SUBGRF_SetCrcSeed  radio_driver.o
    0x080057ec   0x080057ec   0x0000003c   Code   RO         2102    .text.SUBGRF_SetDioIrqParams  radio_driver.o
    0x08005828   0x08005828   0x00000040   Code   RO         2092    .text.SUBGRF_SetLoRaSymbNumTimeout  radio_driver.o
    0x08005868   0x08005868   0x000000d0   Code   RO         2112    .text.SUBGRF_SetModulationParams  radio_driver.o
    0x08005938   0x08005938   0x00000020   Code   RO         2098    .text.SUBGRF_SetPaConfig  radio_driver.o
    0x08005958   0x08005958   0x000000cc   Code   RO         2114    .text.SUBGRF_SetPacketParams  radio_driver.o
    0x08005a24   0x08005a24   0x00000028   Code   RO         2108    .text.SUBGRF_SetPacketType  radio_driver.o
    0x08005a4c   0x08005a4c   0x0000000a   Code   RO         2042    .text.SUBGRF_SetPayload  radio_driver.o
    0x08005a56   0x08005a56   0x00000002   PAD
    0x08005a58   0x08005a58   0x00000020   Code   RO         2094    .text.SUBGRF_SetRegulatorMode  radio_driver.o
    0x08005a78   0x08005a78   0x00000038   Code   RO         2106    .text.SUBGRF_SetRfFrequency  radio_driver.o
    0x08005ab0   0x08005ab0   0x00000028   Code   RO         2134    .text.SUBGRF_SetRfTxPower  radio_driver.o
    0x08005ad8   0x08005ad8   0x00000024   Code   RO         2072    .text.SUBGRF_SetRx  radio_driver.o
    0x08005afc   0x08005afc   0x0000003c   Code   RO         2080    .text.SUBGRF_SetRxBoosted  radio_driver.o
    0x08005b38   0x08005b38   0x0000003c   Code   RO         2082    .text.SUBGRF_SetRxDutyCycle  radio_driver.o
    0x08005b74   0x08005b74   0x00000034   Code   RO         2076    .text.SUBGRF_SetSleep  radio_driver.o
    0x08005ba8   0x08005ba8   0x00000028   Code   RO         2032    .text.SUBGRF_SetStandby  radio_driver.o
    0x08005bd0   0x08005bd0   0x00000018   Code   RO         2090    .text.SUBGRF_SetStopRxTimerOnPreambleDetect  radio_driver.o
    0x08005be8   0x08005be8   0x0000002c   Code   RO         2132    .text.SUBGRF_SetSwitch  radio_driver.o
    0x08005c14   0x08005c14   0x00000012   Code   RO         2056    .text.SUBGRF_SetSyncWord  radio_driver.o
    0x08005c26   0x08005c26   0x00000002   PAD
    0x08005c28   0x08005c28   0x00000028   Code   RO         2034    .text.SUBGRF_SetTcxoMode  radio_driver.o
    0x08005c50   0x08005c50   0x00000024   Code   RO         2054    .text.SUBGRF_SetTx  radio_driver.o
    0x08005c74   0x08005c74   0x0000000c   Code   RO         2086    .text.SUBGRF_SetTxContinuousWave  radio_driver.o
    0x08005c80   0x08005c80   0x00000010   Code   RO         2088    .text.SUBGRF_SetTxInfinitePreamble  radio_driver.o
    0x08005c90   0x08005c90   0x00000084   Code   RO         2110    .text.SUBGRF_SetTxParams  radio_driver.o
    0x08005d14   0x08005d14   0x00000038   Code   RO         2066    .text.SUBGRF_SetWhiteningSeed  radio_driver.o
    0x08005d4c   0x08005d4c   0x0000000c   Code   RO         2044    .text.SUBGRF_WriteBuffer  radio_driver.o
    0x08005d58   0x08005d58   0x00000018   Code   RO         2036    .text.SUBGRF_WriteRegister  radio_driver.o
    0x08005d70   0x08005d70   0x00000010   Code   RO         2058    .text.SUBGRF_WriteRegisters  radio_driver.o
    0x08005d80   0x08005d80   0x00000002   Code   RO          241    .text.SVC_Handler   stm32wlxx_it.o
    0x08005d82   0x08005d82   0x00000002   PAD
    0x08005d84   0x08005d84   0x00000038   Code   RO         2428    .text.Smartfram_AES_Init  smartfram_encryptionaes.o
    0x08005dbc   0x08005dbc   0x00000068   Code   RO         2566    .text.Smartfram_Command_CCS811  smartfram_command.o
    0x08005e24   0x08005e24   0x00000050   Code   RO         2560    .text.Smartfram_Command_LIGHT  smartfram_command.o
    0x08005e74   0x08005e74   0x00000050   Code   RO         2568    .text.Smartfram_Command_Rain  smartfram_command.o
    0x08005ec4   0x08005ec4   0x00000064   Code   RO         2556    .text.Smartfram_Command_ScanACK  smartfram_command.o
    0x08005f28   0x08005f28   0x00000050   Code   RO         2562    .text.Smartfram_Command_SoilMoisture  smartfram_command.o
    0x08005f78   0x08005f78   0x000000a0   Code   RO         2564    .text.Smartfram_Command_TEMP_HUM  smartfram_command.o
    0x08006018   0x08006018   0x00000032   Code   RO         2424    .text.Smartfram_DMA_Init  smartfram_encryptionaes.o
    0x0800604a   0x0800604a   0x00000002   PAD
    0x0800604c   0x0800604c   0x000000d0   Code   RO         2410    .text.Smartfram_Decrypted  smartfram_encryptionaes.o
    0x0800611c   0x0800611c   0x00000068   Code   RO         2412    .text.Smartfram_DecryptedPrivate  smartfram_encryptionaes.o
    0x08006184   0x08006184   0x0000007c   Code   RO         2416    .text.Smartfram_DecryptedPublic  smartfram_encryptionaes.o
    0x08006200   0x08006200   0x00000090   Code   RO         2402    .text.Smartfram_Encrypted  smartfram_encryptionaes.o
    0x08006290   0x08006290   0x00000070   Code   RO         2406    .text.Smartfram_EncryptedPrivate  smartfram_encryptionaes.o
    0x08006300   0x08006300   0x00000094   Code   RO         2408    .text.Smartfram_EncryptedPublic  smartfram_encryptionaes.o
    0x08006394   0x08006394   0x00000034   Code   RO         2468    .text.Smartfram_JoinNetWork_GetConfirm  smartfram_joinnetwork.o
    0x080063c8   0x080063c8   0x0000002c   Code   RO         2470    .text.Smartfram_JoinNetWork_GetJoinDone  smartfram_joinnetwork.o
    0x080063f4   0x080063f4   0x00000032   Code   RO         2466    .text.Smartfram_JoinNetWork_GetRequetst  smartfram_joinnetwork.o
    0x08006426   0x08006426   0x00000002   PAD
    0x08006428   0x08006428   0x00000054   Code   RO         2458    .text.Smartfram_JoinNetWork_SendAccept  smartfram_joinnetwork.o
    0x0800647c   0x0800647c   0x00000050   Code   RO         2464    .text.Smartfram_JoinNetWork_SendCompleted  smartfram_joinnetwork.o
    0x080064cc   0x080064cc   0x00000110   Code   RO         2532    .text.Smartfram_Messeger_GetDeviceToGetway  smartfram_messeger.o
    0x080065dc   0x080065dc   0x0000005c   Code   RO         2530    .text.Smartfram_Messeger_SendGetwayToDevice  smartfram_messeger.o
    0x08006638   0x08006638   0x00000090   Code   RO         2422    .text.Smartfram_RNG_Init  smartfram_encryptionaes.o
    0x080066c8   0x080066c8   0x00000174   Code   RO           14    .text.SubghzApp_Init  subghz_phy_app.o
    0x0800683c   0x0800683c   0x00000004   Code   RO          247    .text.SysTick_Handler  stm32wlxx_it.o
    0x08006840   0x08006840   0x00000028   Code   RO         2313    .text.SysTimeAdd    stm32_systime.o
    0x08006868   0x08006868   0x00000044   Code   RO         2319    .text.SysTimeGet    stm32_systime.o
    0x080068ac   0x080068ac   0x0000003c   Code   RO           42    .text.Sys_JoinNetwork_ReceiveMode  subghz_phy_app.o
    0x080068e8   0x080068e8   0x00000030   Code   RO           40    .text.Sys_JoinNetwork_TransmissionMode  subghz_phy_app.o
    0x08006918   0x08006918   0x000000c0   Code   RO          285    .text.SystemApp_Init  sys_app.o
    0x080069d8   0x080069d8   0x0000007c   Code   RO          115    .text.SystemClock_Config  main.o
    0x08006a54   0x08006a54   0x00000002   Code   RO          483    .text.SystemInit    system_stm32wlxx.o
    0x08006a56   0x08006a56   0x00000002   PAD
    0x08006a58   0x08006a58   0x00000008   Code   RO          249    .text.TAMP_STAMP_LSECSS_SSRU_IRQHandler  stm32wlxx_it.o
    0x08006a60   0x08006a60   0x00000008   Code   RO          180    .text.TIMER_IF_BkUp_Read_MSBticks  timer_if.o
    0x08006a68   0x08006a68   0x00000008   Code   RO          164    .text.TIMER_IF_BkUp_Read_Seconds  timer_if.o
    0x08006a70   0x08006a70   0x00000008   Code   RO          168    .text.TIMER_IF_BkUp_Read_SubSeconds  timer_if.o
    0x08006a78   0x08006a78   0x0000000c   Code   RO          172    .text.TIMER_IF_BkUp_Write_MSBticks  timer_if.o
    0x08006a84   0x08006a84   0x0000000c   Code   RO          162    .text.TIMER_IF_BkUp_Write_Seconds  timer_if.o
    0x08006a90   0x08006a90   0x0000000c   Code   RO          166    .text.TIMER_IF_BkUp_Write_SubSeconds  timer_if.o
    0x08006a9c   0x08006a9c   0x00000010   Code   RO          160    .text.TIMER_IF_Convert_Tick2ms  timer_if.o
    0x08006aac   0x08006aac   0x00000008   Code   RO          158    .text.TIMER_IF_Convert_ms2Tick  timer_if.o
    0x08006ab4   0x08006ab4   0x00000018   Code   RO          174    .text.TIMER_IF_DelayMs  timer_if.o
    0x08006acc   0x08006acc   0x00000004   Code   RO          156    .text.TIMER_IF_GetMinimumTimeout  timer_if.o
    0x08006ad0   0x08006ad0   0x00000028   Code   RO          170    .text.TIMER_IF_GetTime  timer_if.o
    0x08006af8   0x08006af8   0x00000008   Code   RO          150    .text.TIMER_IF_GetTimerContext  timer_if.o
    0x08006b00   0x08006b00   0x00000010   Code   RO          152    .text.TIMER_IF_GetTimerElapsedTime  timer_if.o
    0x08006b10   0x08006b10   0x00000014   Code   RO          154    .text.TIMER_IF_GetTimerValue  timer_if.o
    0x08006b24   0x08006b24   0x0000003c   Code   RO          142    .text.TIMER_IF_Init  timer_if.o
    0x08006b60   0x08006b60   0x00000010   Code   RO          148    .text.TIMER_IF_SetTimerContext  timer_if.o
    0x08006b70   0x08006b70   0x0000004c   Code   RO          144    .text.TIMER_IF_StartTimer  timer_if.o
    0x08006bbc   0x08006bbc   0x00000020   Code   RO          146    .text.TIMER_IF_StopTimer  timer_if.o
    0x08006bdc   0x08006bdc   0x0000007c   Code   RO         2181    .text.TRACE_AllocateBufer  stm32_adv_trace.o
    0x08006c58   0x08006c58   0x00000018   Code   RO         2179    .text.TRACE_Lock    stm32_adv_trace.o
    0x08006c70   0x08006c70   0x0000007c   Code   RO         2185    .text.TRACE_Send    stm32_adv_trace.o
    0x08006cec   0x08006cec   0x00000090   Code   RO         2171    .text.TRACE_TxCpltCallback  stm32_adv_trace.o
    0x08006d7c   0x08006d7c   0x0000001c   Code   RO         2183    .text.TRACE_UnLock  stm32_adv_trace.o
    0x08006d98   0x08006d98   0x0000004c   Code   RO           18    .text.TimeObjectFS_CountOut  subghz_phy_app.o
    0x08006de4   0x08006de4   0x00000018   Code   RO         2354    .text.TimerExists   stm32_timer.o
    0x08006dfc   0x08006dfc   0x00000014   Code   RO         2356    .text.TimerInsertNewHeadTimer  stm32_timer.o
    0x08006e10   0x08006e10   0x00000024   Code   RO         2358    .text.TimerInsertTimer  stm32_timer.o
    0x08006e34   0x08006e34   0x00000038   Code   RO         2364    .text.TimerSetTimeout  stm32_timer.o
    0x08006e6c   0x08006e6c   0x00000024   Code   RO          287    .text.TimestampNow  sys_app.o
    0x08006e90   0x08006e90   0x00000044   Code   RO         1611    .text.UARTEx_SetNbDataToProcess  stm32wlxx_hal_uart_ex.o
    0x08006ed4   0x08006ed4   0x000000a8   Code   RO         1379    .text.UART_AdvFeatureConfig  stm32wlxx_hal_uart.o
    0x08006f7c   0x08006f7c   0x0000004c   Code   RO         1381    .text.UART_CheckIdleState  stm32wlxx_hal_uart.o
    0x08006fc8   0x08006fc8   0x00000010   Code   RO         1463    .text.UART_DMAAbortOnError  stm32wlxx_hal_uart.o
    0x08006fd8   0x08006fd8   0x00000056   Code   RO         1419    .text.UART_DMAError  stm32wlxx_hal_uart.o
    0x0800702e   0x0800702e   0x00000028   Code   RO         1415    .text.UART_DMATransmitCplt  stm32wlxx_hal_uart.o
    0x08007056   0x08007056   0x00000006   Code   RO         1417    .text.UART_DMATxHalfCplt  stm32wlxx_hal_uart.o
    0x0800705c   0x0800705c   0x00000030   Code   RO         1433    .text.UART_EndRxTransfer  stm32wlxx_hal_uart.o
    0x0800708c   0x0800708c   0x0000001a   Code   RO         1431    .text.UART_EndTxTransfer  stm32wlxx_hal_uart.o
    0x080070a6   0x080070a6   0x0000004a   Code   RO         1503    .text.UART_RxISR_16BIT  stm32wlxx_hal_uart.o
    0x080070f0   0x080070f0   0x000000cc   Code   RO         1499    .text.UART_RxISR_16BIT_FIFOEN  stm32wlxx_hal_uart.o
    0x080071bc   0x080071bc   0x00000046   Code   RO         1505    .text.UART_RxISR_8BIT  stm32wlxx_hal_uart.o
    0x08007202   0x08007202   0x00000002   PAD
    0x08007204   0x08007204   0x000000d0   Code   RO         1501    .text.UART_RxISR_8BIT_FIFOEN  stm32wlxx_hal_uart.o
    0x080072d4   0x080072d4   0x000001e0   Code   RO         1377    .text.UART_SetConfig  stm32wlxx_hal_uart.o
    0x080074b4   0x080074b4   0x000000c8   Code   RO         1411    .text.UART_Start_Receive_IT  stm32wlxx_hal_uart.o
    0x0800757c   0x0800757c   0x0000007e   Code   RO         1395    .text.UART_WaitOnFlagUntilTimeout  stm32wlxx_hal_uart.o
    0x080075fa   0x080075fa   0x00000002   PAD
    0x080075fc   0x080075fc   0x000000a4   Code   RO         2177    .text.UTIL_ADV_TRACE_COND_FSend  stm32_adv_trace.o
    0x080076a0   0x080076a0   0x0000002c   Code   RO         2169    .text.UTIL_ADV_TRACE_Init  stm32_adv_trace.o
    0x080076cc   0x080076cc   0x00000008   Code   RO          293    .text.UTIL_ADV_TRACE_PostSendHook  sys_app.o
    0x080076d4   0x080076d4   0x00000008   Code   RO          291    .text.UTIL_ADV_TRACE_PreSendHook  sys_app.o
    0x080076dc   0x080076dc   0x00000008   Code   RO         2201    .text.UTIL_ADV_TRACE_RegisterTimeStampFunction  stm32_adv_trace.o
    0x080076e4   0x080076e4   0x0000000c   Code   RO         2203    .text.UTIL_ADV_TRACE_SetVerboseLevel  stm32_adv_trace.o
    0x080076f0   0x080076f0   0x0000000c   Code   RO         2175    .text.UTIL_ADV_TRACE_StartRxProcess  stm32_adv_trace.o
    0x080076fc   0x080076fc   0x00000038   Code   RO         2240    .text.UTIL_LPM_EnterLowPower  stm32_lpm.o
    0x08007734   0x08007734   0x0000000c   Code   RO         2230    .text.UTIL_LPM_Init  stm32_lpm.o
    0x08007740   0x08007740   0x0000002c   Code   RO         2236    .text.UTIL_LPM_SetOffMode  stm32_lpm.o
    0x0800776c   0x0800776c   0x00000030   Code   RO         2234    .text.UTIL_LPM_SetStopMode  stm32_lpm.o
    0x0800779c   0x0800779c   0x0000000e   Code   RO         2255    .text.UTIL_MEM_set_8  stm32_mem.o
    0x080077aa   0x080077aa   0x00000004   Code   RO          289    .text.UTIL_SEQ_Idle  sys_app.o
    0x080077ae   0x080077ae   0x00000002   Code   RO         2277    .text.UTIL_SEQ_PostIdle  stm32_seq.o
    0x080077b0   0x080077b0   0x00000002   Code   RO         2273    .text.UTIL_SEQ_PreIdle  stm32_seq.o
    0x080077b2   0x080077b2   0x00000002   PAD
    0x080077b4   0x080077b4   0x00000020   Code   RO         2279    .text.UTIL_SEQ_RegTask  stm32_seq.o
    0x080077d4   0x080077d4   0x000000e8   Code   RO         2269    .text.UTIL_SEQ_Run  stm32_seq.o
    0x080078bc   0x080078bc   0x00000028   Code   RO         2281    .text.UTIL_SEQ_SetTask  stm32_seq.o
    0x080078e4   0x080078e4   0x00000034   Code   RO         2350    .text.UTIL_TIMER_Create  stm32_timer.o
    0x08007918   0x08007918   0x00000014   Code   RO         2378    .text.UTIL_TIMER_GetCurrentTime  stm32_timer.o
    0x0800792c   0x0800792c   0x00000020   Code   RO         2380    .text.UTIL_TIMER_GetElapsedTime  stm32_timer.o
    0x0800794c   0x0800794c   0x00000080   Code   RO         2376    .text.UTIL_TIMER_IRQ_Handler  stm32_timer.o
    0x080079cc   0x080079cc   0x0000000c   Code   RO         2346    .text.UTIL_TIMER_Init  stm32_timer.o
    0x080079d8   0x080079d8   0x00000030   Code   RO         2366    .text.UTIL_TIMER_SetPeriod  stm32_timer.o
    0x08007a08   0x08007a08   0x0000006c   Code   RO         2352    .text.UTIL_TIMER_Start  stm32_timer.o
    0x08007a74   0x08007a74   0x00000068   Code   RO         2362    .text.UTIL_TIMER_Stop  stm32_timer.o
    0x08007adc   0x08007adc   0x00000002   Code   RO          239    .text.UsageFault_Handler  stm32wlxx_it.o
    0x08007ade   0x08007ade   0x00000002   PAD
    0x08007ae0   0x08007ae0   0x00000024   Code   RO           38    .text.__NVIC_SystemReset  subghz_phy_app.o
    0x08007b04   0x08007b04   0x0000001e   Code   RO          113    .text.main          main.o
    0x08007b22   0x08007b22   0x00000002   PAD
    0x08007b24   0x08007b24   0x0000001c   Code   RO         2504    .text.smartfram_FindUnicast  smartfram_flashsys.o
    0x08007b40   0x08007b40   0x0000004c   Code   RO         2482    .text.smartfram_FlashEraseInit  smartfram_flashsys.o
    0x08007b8c   0x08007b8c   0x00000024   Code   RO         2512    .text.smartfram_FlashRemoveInforDevice  smartfram_flashsys.o
    0x08007bb0   0x08007bb0   0x00000040   Code   RO         2494    .text.smartfram_SaveJointInfoConfirm  smartfram_flashsys.o
    0x08007bf0   0x08007bf0   0x00000004   Code   RO         2502    .text.smartfram_SaveJointInfoJoinDone  smartfram_flashsys.o
    0x08007bf4   0x08007bf4   0x00000054   Code   RO         2486    .text.smartfram_SaveJointInfoRequetst  smartfram_flashsys.o
    0x08007c48   0x08007c48   0x00000004   Code   RO         2506    .text.smartfram_SetKeyDevice  smartfram_flashsys.o
    0x08007c4c   0x08007c4c   0x00000028   Code   RO          301    .text.tiny_snprintf_like  sys_app.o
    0x08007c74   0x08007c74   0x000002b8   Code   RO         2391    .text.tiny_vsnprintf_like  stm32_tiny_vsnprintf.o
    0x08007f2c   0x08007f2c   0x00000028   Code   RO          339    .text.vcom_DeInit   usart_if.o
    0x08007f54   0x08007f54   0x00000024   Code   RO          337    .text.vcom_Init     usart_if.o
    0x08007f78   0x08007f78   0x00000044   Code   RO          341    .text.vcom_ReceiveInit  usart_if.o
    0x08007fbc   0x08007fbc   0x00000018   Code   RO          349    .text.vcom_Resume   usart_if.o
    0x08007fd4   0x08007fd4   0x00000010   Code   RO          345    .text.vcom_Trace    usart_if.o
    0x08007fe4   0x08007fe4   0x00000014   Code   RO          343    .text.vcom_Trace_DMA  usart_if.o
    0x08007ff8   0x08007ff8   0x0000000e   Code   RO         2667    i.__scatterload_copy  mc_w.l(handlers.o)
    0x08008006   0x08008006   0x00000002   Code   RO         2668    i.__scatterload_null  mc_w.l(handlers.o)
    0x08008008   0x08008008   0x0000000e   Code   RO         2669    i.__scatterload_zeroinit  mc_w.l(handlers.o)
    0x08008016   0x08008016   0x00000002   PAD
    0x08008018   0x08008018   0x00000030   Data   RO         1846    .rodata..L__const.CRYP_GCMCCM_SetHeaderPhase_IT.mask  stm32wlxx_hal_cryp.o
    0x08008048   0x08008048   0x00000006   Data   RO         1012    .rodata..L__const.RCC_SetFlashLatency.FLASH_CLK_SRC_RANGE_VOS1  stm32wlxx_hal_rcc.o
    0x0800804e   0x0800804e   0x00000006   Data   RO         1013    .rodata..L__const.RCC_SetFlashLatency.FLASH_CLK_SRC_RANGE_VOS2  stm32wlxx_hal_rcc.o
    0x08008054   0x08008054   0x0000000c   Data   RO         1014    .rodata..L__const.RCC_SetFlashLatency.FLASH_LATENCY_RANGE  stm32wlxx_hal_rcc.o
    0x08008060   0x08008060   0x00000010   Data   RO         2449    .rodata.AESIV       smartfram_encryptionaes.o
    0x08008070   0x08008070   0x00000040   Data   RO          488    .rodata.AHBPrescTable  system_stm32wlxx.o
    0x080080b0   0x080080b0   0x00000020   Data   RO          489    .rodata.APBPrescTable  system_stm32wlxx.o
    0x080080d0   0x080080d0   0x0000000c   Data   RO         2015    .rodata.Bandwidths  radio.o
    0x080080dc   0x080080dc   0x000000b0   Data   RO         2014    .rodata.FskBandwidths  radio.o
    0x0800818c   0x0800818c   0x00000040   Data   RO          490    .rodata.MSIRangeTable  system_stm32wlxx.o
    0x080081cc   0x080081cc   0x0000007c   Data   RO         2013    .rodata.Radio       radio.o
    0x08008248   0x08008248   0x00000018   Data   RO         1583    .rodata.UARTPrescTable  stm32wlxx_hal_uart.o
    0x08008260   0x08008260   0x00000018   Data   RO          209    .rodata.UTIL_PowerDriver  stm32_lpm_if.o
    0x08008278   0x08008278   0x00000014   Data   RO          187    .rodata.UTIL_SYSTIMDriver  timer_if.o
    0x0800828c   0x0800828c   0x0000002c   Data   RO          186    .rodata.UTIL_TimerDriver  timer_if.o
    0x080082b8   0x080082b8   0x00000010   Data   RO          355    .rodata.UTIL_TraceDriver  usart_if.o
    0x080082c8   0x080082c8   0x00000010   Data   RO         1584    .rodata.cst16       stm32wlxx_hal_uart.o
    0x080082d8   0x080082d8   0x00000010   Data   RO         2302    .rodata.cst16       stm32_seq.o
    0x080082e8   0x080082e8   0x00000010   Data   RO         1635    .rodata.cst8        stm32wlxx_hal_uart_ex.o
    0x080082f8   0x080082f8   0x00000010   Data   RO         2444    .rodata.pPrivateKeyAES  smartfram_encryptionaes.o
    0x08008308   0x08008308   0x00000007   Data   RO         2393    .rodata.str1.1      stm32_tiny_vsnprintf.o
    0x0800830f   0x0800830f   0x0000001b   Data   RO         2443    .rodata.str1.1      smartfram_encryptionaes.o
    0x0800832a   0x0800832a   0x00000014   Data   RO         2520    .rodata.str1.1      smartfram_flashsys.o
    0x0800833e   0x0800833e   0x00000002   PAD
    0x08008340   0x08008340   0x00000020   Data   RO         2666    Region$$Table       anon$$obj.o


    Execution Region RW_IRAM1 (Exec base: 0x20000000, Load base: 0x08008360, Size: 0x00002560, Max: 0x00008000, ABSOLUTE)

    Exec Addr    Load Addr    Size         Type   Attr      Idx    E Section Name        Object

    0x20000000   0x08008360   0x00000004   Data   RW         2620    .data               mc_w.l(rand.o)
    0x20000004   0x08008364   0x00000008   Data   RW          578    .data..L_MergedGlobals  stm32wlxx_hal.o
    0x2000000c   0x0800836c   0x00000008   Data   RW         2303    .data..L_MergedGlobals  stm32_seq.o
    0x20000014   0x08008374   0x00000002   Data   RW           44    .data.BufferSize    subghz_phy_app.o
    0x20000016   0x08008376   0x00000001   Data   RW         2017    .data.MaxPayloadLength  radio.o
    0x20000017   0x08008377   0x00000001   PAD
    0x20000018   0x08008378   0x00000004   Data   RW          487    .data.SystemCoreClock  system_stm32wlxx.o
    0x2000001c   0x0800837c   0x00000004   PAD
    0x20000020        -       0x0000003c   Zero   RW           46    .bss..L_MergedGlobals  subghz_phy_app.o
    0x2000005c        -       0x00000008   Zero   RW          188    .bss..L_MergedGlobals  timer_if.o
    0x20000064        -       0x00000008   Zero   RW          357    .bss..L_MergedGlobals  usart_if.o
    0x2000006c        -       0x0000003c   Zero   RW         2019    .bss..L_MergedGlobals  radio.o
    0x200000a8        -       0x00000018   Zero   RW         2160    .bss..L_MergedGlobals  radio_driver.o
    0x200000c0        -       0x00000008   Zero   RW         2242    .bss..L_MergedGlobals  stm32_lpm.o
    0x200000c8        -       0x00000024   Zero   RW         2521    .bss..L_MergedGlobals  smartfram_flashsys.o
    0x200000ec        -       0x00000020   Zero   RW         2592    .bss..L_MergedGlobals  smartfram_command.o
    0x2000010c        -       0x00000020   Zero   RW         2304    .bss..L_MergedGlobals.2  stm32_seq.o
    0x2000012c        -       0x00000200   Zero   RW         2220    .bss.ADV_TRACE_Buffer  stm32_adv_trace.o
    0x2000032c        -       0x0000001c   Zero   RW         2219    .bss.ADV_TRACE_Ctx  stm32_adv_trace.o
    0x20000348        -       0x00000064   Zero   RW           45    .bss.Buffer         subghz_phy_app.o
    0x200003ac        -       0x00000001   Zero   RW         2519    .bss.FlagSys_CheckModeRun  smartfram_flashsys.o
    0x200003ad        -       0x000001f4   Zero   RW         2591    .bss.RRX            smartfram_command.o
    0x200005a1        -       0x000000ff   Zero   RW         2018    .bss.RadioRxPayload  radio.o
    0x200006a0        -       0x00000010   Zero   RW         2541    .bss.SendMsgGetwayToDevice  smartfram_messeger.o
    0x200006b0        -       0x00000098   Zero   RW         2016    .bss.SubgRf         radio.o
    0x20000748        -       0x00000100   Zero   RW         2540    .bss.Sys_ArrIDMsg   smartfram_messeger.o
    0x20000848        -       0x00000004   Zero   RW         2605    .bss.Sys_CountTime  smartfram_sysinit.o
    0x2000084c        -       0x00001000   Zero   RW         2518    .bss.Sys_GetwayFlashArrData  smartfram_flashsys.o
    0x2000184c        -       0x00000008   Zero   RW         2606    .bss.Sys_VarAndStt  smartfram_sysinit.o
    0x20001854        -       0x00000080   Zero   RW         2301    .bss.TaskCb         stm32_seq.o
    0x200018d4        -       0x00000004   Zero   RW         2382    .bss.TimerListHead  stm32_timer.o
    0x200018d8        -       0x00000004   Zero   RW          356    .bss.TxCpltCallback  usart_if.o
    0x200018dc        -       0x00000110   Zero   RW         2445    .bss.hcryp          smartfram_encryptionaes.o
    0x200019ec        -       0x00000064   Zero   RW         2447    .bss.hdma_aes_in    smartfram_encryptionaes.o
    0x20001a50        -       0x00000064   Zero   RW         2448    .bss.hdma_aes_out   smartfram_encryptionaes.o
    0x20001ab4        -       0x00000064   Zero   RW          328    .bss.hdma_lpuart1_tx  usart.o
    0x20001b18        -       0x00000090   Zero   RW          327    .bss.hlpuart1       usart.o
    0x20001ba8        -       0x00000018   Zero   RW         2446    .bss.hrng           smartfram_encryptionaes.o
    0x20001bc0        -       0x0000003c   Zero   RW          133    .bss.hrtc           rtc.o
    0x20001bfc        -       0x00000014   Zero   RW          276    .bss.hsubghz        subghz.o
    0x20001c10        -       0x00000010   Zero   RW         2442    .bss.pDeviceKeyAES  smartfram_encryptionaes.o
    0x20001c20        -       0x00000018   Zero   RW          751    .bss.pFlash         stm32wlxx_hal_flash.o
    0x20001c38        -       0x00000010   Zero   RW         2441    .bss.pLocalGetwayKeyAES  smartfram_encryptionaes.o
    0x20001c48        -       0x00000100   Zero   RW         2221    .bss.sztmp          stm32_adv_trace.o
    0x20001d48        -       0x00000010   Zero   RW         2590    .bss.testChecksum   smartfram_command.o
    0x20001d58        -       0x00000004   Zero   RW          577    .bss.uwTick         stm32wlxx_hal.o
    0x20001d5c   0x0800837c   0x00000004   PAD
    0x20001d60        -       0x00000800   Zero   RW          365    STACK               startup_stm32wl55xx_cm4.o


    Execution Region RW_IRAM2 (Exec base: 0x20008000, Load base: 0x08008380, Size: 0x00008000, Max: 0x00008000, ABSOLUTE)

    Exec Addr    Load Addr    Size         Type   Attr      Idx    E Section Name        Object

    0x20008000        -       0x00008000   Zero   RW            1    RW_IRAM2.bss        anon$$obj.o


==============================================================================

Image component sizes


      Code (inc. data)   RO Data    RW Data    ZI Data      Debug   Object Name

        22          0          0          0          0        852   app_subghz_phy.o
        58          0          0          0          0       4067   dma.o
       156          8          0          0          0       4296   main.o
      3810        136        312          1        467      27070   radio.o
       236         36          0          0          0       4204   radio_board_if.o
      2384        120          0          0         24      25428   radio_driver.o
       236         16          0          0         60       7297   rtc.o
      1018         52          0          0        548       9798   smartfram_command.o
      1556         88         59          0        528      18633   smartfram_encryptionaes.o
       958         60         20          0       4133       8194   smartfram_flashsys.o
       318         12          0          0          0       4143   smartfram_joinnetwork.o
       488         18          0          0        272       4148   smartfram_messeger.o
       272         16          0          0         12       3679   smartfram_sysinit.o
        36          8        312          0       2048        900   startup_stm32wl55xx_cm4.o
       702         32          0          0        796      10273   stm32_adv_trace.o
       160          8          0          0          8       2719   stm32_lpm.o
        68          4         24          0          0       2678   stm32_lpm_if.o
        14          0          0          0          0       1473   stm32_mem.o
       368         16         16          8        160       6384   stm32_seq.o
       108          8          0          0          0       6097   stm32_systime.o
       640         12          0          0          4       7667   stm32_timer.o
       696         84          7          0          0       3618   stm32_tiny_vsnprintf.o
       104         16          0          8          4      12482   stm32wlxx_hal.o
       172         20          0          0          0      10040   stm32wlxx_hal_cortex.o
      2348         36         48          0          0      33756   stm32wlxx_hal_cryp.o
      1050         32          0          0          0       9427   stm32wlxx_hal_dma.o
       312         24          0          0         24       5955   stm32wlxx_hal_flash.o
       180          8          0          0          0      10323   stm32wlxx_hal_flash_ex.o
       616         16          0          0          0       4917   stm32wlxx_hal_gpio.o
       242         20          0          0          0       6898   stm32wlxx_hal_msp.o
        84         12          0          0          0       5699   stm32wlxx_hal_pwr.o
       140          8          0          0          0      11267   stm32wlxx_hal_pwr_ex.o
      2412         88         24          0          0      16813   stm32wlxx_hal_rcc.o
       414          8          0          0          0      13541   stm32wlxx_hal_rcc_ex.o
       460          4          0          0          0       4948   stm32wlxx_hal_rng.o
       882         32          0          0          0      14446   stm32wlxx_hal_rtc.o
       166          4          0          0          0      17720   stm32wlxx_hal_rtc_ex.o
      1316         44          0          0          0      14925   stm32wlxx_hal_subghz.o
      3244        134         40          0          0      29360   stm32wlxx_hal_uart.o
       420          8         16          0          0      10189   stm32wlxx_hal_uart_ex.o
        84          8          0          0          0       7162   stm32wlxx_it.o
        76          8          0          0         20       5262   subghz.o
      1192        208          0          2        160       7574   subghz_phy_app.o
       332         32          0          0          0       6232   sys_app.o
         2          0        160          4          0       2990   system_stm32wlxx.o
       426         16         64          0          8       8558   timer_if.o
       372         24          0          0        244       9147   usart.o
       260         32         16          0         12      10471   usart_if.o

    ----------------------------------------------------------------------
     31668       1576       1152         24      42308     453720   Object Totals
         0          0         32          0      32768          0   (incl. Generated)
        58          0          2          1          8          0   (incl. Padding)

    ----------------------------------------------------------------------

      Code (inc. data)   RO Data    RW Data    ZI Data      Debug   Library Member Name

         0          0          0          0          0          0   entry.o
         0          0          0          0          0          0   entry10a.o
         0          0          0          0          0          0   entry11a.o
         8          4          0          0          0          0   entry2.o
         4          0          0          0          0          0   entry5.o
         0          0          0          0          0          0   entry7b.o
         0          0          0          0          0          0   entry8b.o
         8          4          0          0          0          0   entry9a.o
        30          0          0          0          0          0   handlers.o
        36          8          0          0          0         68   init.o
         0          0          0          0          0          0   iusefp.o
        30          0          0          0          0         68   llshl.o
        32          0          0          0          0         68   llushr.o
        36          0          0          0          0         68   memcpya.o
        36          0          0          0          0        108   memseta.o
        36         10          0          4          0        136   rand.o
        14          0          0          0          0         68   strlen.o
        98          0          0          0          0         92   uldiv.o
        28          0          0          0          0         68   fcmpgt.o
        28          0          0          0          0         68   fcmple.o
       124          0          0          0          0         88   fdiv.o
       110          0          0          0          0        168   fepilogue.o
        40          0          0          0          0         68   ffixui.o
        10          0          0          0          0         68   ffltui.o
       100          0          0          0          0         76   fmul.o

    ----------------------------------------------------------------------
       812         26          0          4          0       1280   Library Totals
         4          0          0          0          0          0   (incl. Padding)

    ----------------------------------------------------------------------

      Code (inc. data)   RO Data    RW Data    ZI Data      Debug   Library Name

       368         26          0          4          0        676   mc_w.l
       440          0          0          0          0        604   mf_w.l

    ----------------------------------------------------------------------
       812         26          0          4          0       1280   Library Totals

    ----------------------------------------------------------------------

==============================================================================


      Code (inc. data)   RO Data    RW Data    ZI Data      Debug   

     32480       1602       1152         28      42308     453608   Grand Totals
     32480       1602       1152         28      42308     453608   ELF Image Totals
     32480       1602       1152         28          0          0   ROM Totals

==============================================================================

    Total RO  Size (Code + RO Data)                33632 (  32.84kB)
    Total RW  Size (RW Data + ZI Data)             42336 (  41.34kB)
    Total ROM Size (Code + RO Data + RW Data)      33660 (  32.87kB)

==============================================================================

